
started=2026-08-06T15:30:40.416213+00:00 n_iter=20 resume=True
/home/marmengol/.local/lib/python3.9/site-packages/dask/dataframe/__init__.py:42: FutureWarning: 
Dask dataframe query planning is disabled because dask-expr is not installed.

You can install it with `pip install dask[dataframe]` or `conda install dask`.
This will raise in a future version.

  warnings.warn(msg, FutureWarning)
Traceback (most recent call last):
  File "/home/marmengol/projects/trIAje_code/experiments/run_stroke_general_ref03.py", line 237, in main
    X, y, year = prepare_data()
  File "/home/marmengol/projects/trIAje_code/experiments/run_stroke_general_ref03.py", line 202, in prepare_data
    from kbase import modeling as ml
  File "/home/marmengol/projects/trIAje_code/analysis/kbase/modeling.py", line 29, in <module>
    import kbase.preprocessing as dp
  File "/home/marmengol/projects/trIAje_code/analysis/kbase/preprocessing.py", line 5, in <module>
    from kbase.config import settings
  File "/home/marmengol/projects/trIAje_code/analysis/kbase/config.py", line 26, in <module>
    settings = Settings()
  File "/home/marmengol/.local/lib/python3.9/site-packages/pydantic_settings/main.py", line 193, in __init__
    super().__init__(
  File "/home/marmengol/.local/lib/python3.9/site-packages/pydantic/main.py", line 250, in __init__
    validated_self = self.__pydantic_validator__.validate_python(data, self_instance=self)
pydantic_core._pydantic_core.ValidationError: 3 validation errors for Settings
cardiacarrest_table_modeling
  Field required [type=missing, input_value={'source_tables_path': '/... 'test_pipeline': 'all'}, input_type=dict]
    For further information visit https://errors.pydantic.dev/2.12/v/missing
chestpain_table_modeling
  Field required [type=missing, input_value={'source_tables_path': '/... 'test_pipeline': 'all'}, input_type=dict]
    For further information visit https://errors.pydantic.dev/2.12/v/missing
dyspnea_table_modeling
  Field required [type=missing, input_value={'source_tables_path': '/... 'test_pipeline': 'all'}, input_type=dict]
    For further information visit https://errors.pydantic.dev/2.12/v/missing


started=2026-08-06T15:30:59.204753+00:00 n_iter=20 resume=True
/home/marmengol/.local/lib/python3.9/site-packages/dask/dataframe/__init__.py:42: FutureWarning: 
Dask dataframe query planning is disabled because dask-expr is not installed.

You can install it with `pip install dask[dataframe]` or `conda install dask`.
This will raise in a future version.

  warnings.warn(msg, FutureWarning)
El directorio de trabajo actual es: /home/marmengol/projects/trIAje_code
El directorio de trabajo actual es: /media/datos/datos_compartidos/trIAje/data/df_modelling
Filtering by demand_type_1 == 54
Filtering by age >= 18

Final cohort size for p1_real_emerg: 42062
Outcome distribution:  p1_real_emerg
0    28302
1    13760
Name: count, dtype: Int64 


========================================
Columns retained before train/test split: 168
Not used as model features: p1_real_emerg is the outcome; year is used with p1_real_emerg for stratification
========================================

Created fixed 80/20 stratified train/test split.
Rows=42,062 train=33,649 test=8,413 features=167
Outcome train: {0: 22641, 1: 11008} scale_pos_weight=2.0568

[PROGRESS] [............................] 0/6 models | current=Logistic Regression | elapsed 00:00:03 | ETA calculando

[Logistic Regression] RandomizedSearchCV n_iter=20 scoring=roc_auc cv=10
Fitting 10 folds for each of 20 candidates, totalling 200 fits
[CV] END .....................model__C=0.0074593432857265485; total time=   0.9s
[CV] END .....................model__C=0.0074593432857265485; total time=   0.9s
[CV] END .....................model__C=0.0074593432857265485; total time=   0.9s
[CV] END .....................model__C=0.0074593432857265485; total time=   0.9s
[CV] END .....................model__C=0.0074593432857265485; total time=   0.9s
[CV] END .....................model__C=0.0074593432857265485; total time=   0.9s
[CV] END .....................model__C=0.0074593432857265485; total time=   0.9s
[CV] END .....................model__C=0.0074593432857265485; total time=   0.9s
[CV] END .....................model__C=0.0074593432857265485; total time=   0.9s
[CV] END .....................model__C=0.0074593432857265485; total time=   0.9s
[CV] END .........................model__C=5.669849511478847; total time=   0.9s
[CV] END .........................model__C=5.669849511478847; total time=   0.9s
[CV] END .........................model__C=5.669849511478847; total time=   0.9s

[PROGRESS] [............................] 0/6 models | current=Logistic Regression | elapsed 00:00:15 | ETA calculando
[CV] END .........................model__C=5.669849511478847; total time=   0.9s
[CV] END .........................model__C=5.669849511478847; total time=   0.9s
[CV] END .........................model__C=5.669849511478847; total time=   0.9s
[CV] END .........................model__C=5.669849511478847; total time=   0.9s
[CV] END .........................model__C=5.669849511478847; total time=   0.9s
[CV] END .........................model__C=5.669849511478847; total time=   0.9s
[CV] END .........................model__C=5.669849511478847; total time=   0.9s
[CV] END ........................model__C=0.4570563099801455; total time=   0.9s
[CV] END ........................model__C=0.4570563099801455; total time=   0.9s
[CV] END ........................model__C=0.4570563099801455; total time=   0.9s
[CV] END ........................model__C=0.4570563099801455; total time=   0.9s
[CV] END ........................model__C=0.4570563099801455; total time=   0.9s
[CV] END ........................model__C=0.4570563099801455; total time=   0.9s
[CV] END ........................model__C=0.4570563099801455; total time=   0.9s
[CV] END ........................model__C=0.4570563099801455; total time=   0.9s
[CV] END ........................model__C=0.4570563099801455; total time=   0.9s

[PROGRESS] [............................] 0/6 models | current=Logistic Regression | elapsed 00:00:30 | ETA calculando
[CV] END ........................model__C=0.4570563099801455; total time=   0.9s
[CV] END .......................model__C=0.09846738873614563; total time=   0.9s
[CV] END .......................model__C=0.09846738873614563; total time=   0.9s
[CV] END .......................model__C=0.09846738873614563; total time=   0.9s
[CV] END .......................model__C=0.09846738873614563; total time=   0.9s
[CV] END .......................model__C=0.09846738873614563; total time=   0.9s
[CV] END .......................model__C=0.09846738873614563; total time=   0.9s
[CV] END .......................model__C=0.09846738873614563; total time=   0.9s
[CV] END .......................model__C=0.09846738873614563; total time=   0.9s
[CV] END .......................model__C=0.09846738873614563; total time=   0.9s
[CV] END .......................model__C=0.09846738873614563; total time=   0.9s
[CV] END .....................model__C=0.0006026889128682511; total time=   0.9s
[CV] END .....................model__C=0.0006026889128682511; total time=   0.9s
[CV] END .....................model__C=0.0006026889128682511; total time=   0.9s
[CV] END .....................model__C=0.0006026889128682511; total time=   0.9s
[CV] END .....................model__C=0.0006026889128682511; total time=   0.9s
[CV] END .....................model__C=0.0006026889128682511; total time=   0.9s

[PROGRESS] [............................] 0/6 models | current=Logistic Regression | elapsed 00:00:45 | ETA calculando
[CV] END .....................model__C=0.0006026889128682511; total time=   0.8s
[CV] END .....................model__C=0.0006026889128682511; total time=   0.9s
[CV] END .....................model__C=0.0006026889128682511; total time=   0.8s
[CV] END .....................model__C=0.0006026889128682511; total time=   0.9s
[CV] END ......................model__C=0.000602521573620386; total time=   0.9s
[CV] END ......................model__C=0.000602521573620386; total time=   0.9s
[CV] END ......................model__C=0.000602521573620386; total time=   0.9s
[CV] END ......................model__C=0.000602521573620386; total time=   0.9s
[CV] END ......................model__C=0.000602521573620386; total time=   0.8s
[CV] END ......................model__C=0.000602521573620386; total time=   0.9s
[CV] END ......................model__C=0.000602521573620386; total time=   0.9s
[CV] END ......................model__C=0.000602521573620386; total time=   0.9s
[CV] END ......................model__C=0.000602521573620386; total time=   0.8s
[CV] END ......................model__C=0.000602521573620386; total time=   0.9s
[CV] END ....................model__C=0.00019517224641449495; total time=   0.8s
[CV] END ....................model__C=0.00019517224641449495; total time=   0.8s
[CV] END ....................model__C=0.00019517224641449495; total time=   0.8s
[CV] END ....................model__C=0.00019517224641449495; total time=   0.8s

[PROGRESS] [............................] 0/6 models | current=Logistic Regression | elapsed 00:01:00 | ETA calculando
[CV] END ....................model__C=0.00019517224641449495; total time=   0.8s
[CV] END ....................model__C=0.00019517224641449495; total time=   0.8s
[CV] END ....................model__C=0.00019517224641449495; total time=   0.8s
[CV] END ....................model__C=0.00019517224641449495; total time=   0.8s
[CV] END ....................model__C=0.00019517224641449495; total time=   0.8s
[CV] END ....................model__C=0.00019517224641449495; total time=   0.9s
[CV] END ........................model__C=2.1423021757741068; total time=   0.9s
[CV] END ........................model__C=2.1423021757741068; total time=   0.9s
[CV] END ........................model__C=2.1423021757741068; total time=   0.9s
[CV] END ........................model__C=2.1423021757741068; total time=   0.9s
[CV] END ........................model__C=2.1423021757741068; total time=   0.9s
[CV] END ........................model__C=2.1423021757741068; total time=   0.9s
[CV] END ........................model__C=2.1423021757741068; total time=   0.9s
[CV] END ........................model__C=2.1423021757741068; total time=   0.9s
[CV] END ........................model__C=2.1423021757741068; total time=   0.9s
[CV] END ........................model__C=2.1423021757741068; total time=   0.9s
[CV] END .......................model__C=0.10129197956845731; total time=   0.9s

[PROGRESS] [............................] 0/6 models | current=Logistic Regression | elapsed 00:01:15 | ETA calculando
[CV] END .......................model__C=0.10129197956845731; total time=   0.9s
[CV] END .......................model__C=0.10129197956845731; total time=   0.9s
[CV] END .......................model__C=0.10129197956845731; total time=   0.9s
[CV] END .......................model__C=0.10129197956845731; total time=   0.9s
[CV] END .......................model__C=0.10129197956845731; total time=   0.9s
[CV] END .......................model__C=0.10129197956845731; total time=   0.9s
[CV] END .......................model__C=0.10129197956845731; total time=   0.9s
[CV] END .......................model__C=0.10129197956845731; total time=   0.9s
[CV] END .......................model__C=0.10129197956845731; total time=   0.9s
[CV] END ........................model__C=0.3470266988650412; total time=   0.9s
[CV] END ........................model__C=0.3470266988650412; total time=   0.9s
[CV] END ........................model__C=0.3470266988650412; total time=   0.9s
[CV] END ........................model__C=0.3470266988650412; total time=   0.9s
[CV] END ........................model__C=0.3470266988650412; total time=   0.9s
[CV] END ........................model__C=0.3470266988650412; total time=   0.9s
[CV] END ........................model__C=0.3470266988650412; total time=   0.9s

[PROGRESS] [............................] 0/6 models | current=Logistic Regression | elapsed 00:01:30 | ETA calculando
[CV] END ........................model__C=0.3470266988650412; total time=   0.9s
[CV] END ........................model__C=0.3470266988650412; total time=   0.9s
[CV] END ........................model__C=0.3470266988650412; total time=   0.9s
[CV] END ....................model__C=0.00012674255898937226; total time=   0.8s
[CV] END ....................model__C=0.00012674255898937226; total time=   0.8s
[CV] END ....................model__C=0.00012674255898937226; total time=   0.8s
[CV] END ....................model__C=0.00012674255898937226; total time=   0.8s
[CV] END ....................model__C=0.00012674255898937226; total time=   0.8s
[CV] END ....................model__C=0.00012674255898937226; total time=   0.8s
[CV] END ....................model__C=0.00012674255898937226; total time=   0.8s
[CV] END ....................model__C=0.00012674255898937226; total time=   0.8s
[CV] END ....................model__C=0.00012674255898937226; total time=   0.8s
[CV] END ....................model__C=0.00012674255898937226; total time=   0.8s
[CV] END .........................model__C=7.072114131472227; total time=   0.9s
[CV] END .........................model__C=7.072114131472227; total time=   0.9s
[CV] END .........................model__C=7.072114131472227; total time=   0.9s
[CV] END .........................model__C=7.072114131472227; total time=   0.9s
[CV] END .........................model__C=7.072114131472227; total time=   0.9s

[PROGRESS] [............................] 0/6 models | current=Logistic Regression | elapsed 00:01:45 | ETA calculando
[CV] END .........................model__C=7.072114131472227; total time=   0.9s
[CV] END .........................model__C=7.072114131472227; total time=   0.9s
[CV] END .........................model__C=7.072114131472227; total time=   0.9s
[CV] END .........................model__C=7.072114131472227; total time=   0.9s
[CV] END .........................model__C=7.072114131472227; total time=   0.9s
[CV] END .........................model__C=1.452824663751602; total time=   0.9s
[CV] END .........................model__C=1.452824663751602; total time=   0.9s
[CV] END .........................model__C=1.452824663751602; total time=   0.9s
[CV] END .........................model__C=1.452824663751602; total time=   0.9s
[CV] END .........................model__C=1.452824663751602; total time=   0.9s
[CV] END .........................model__C=1.452824663751602; total time=   0.9s
[CV] END .........................model__C=1.452824663751602; total time=   0.9s
[CV] END .........................model__C=1.452824663751602; total time=   0.9s
[CV] END .........................model__C=1.452824663751602; total time=   0.9s
[CV] END .........................model__C=1.452824663751602; total time=   0.9s
[CV] END .....................model__C=0.0011526449540315614; total time=   0.9s

[PROGRESS] [............................] 0/6 models | current=Logistic Regression | elapsed 00:02:00 | ETA calculando
[CV] END .....................model__C=0.0011526449540315614; total time=   0.9s
[CV] END .....................model__C=0.0011526449540315614; total time=   0.9s
[CV] END .....................model__C=0.0011526449540315614; total time=   0.9s
[CV] END .....................model__C=0.0011526449540315614; total time=   0.9s
[CV] END .....................model__C=0.0011526449540315614; total time=   0.9s
[CV] END .....................model__C=0.0011526449540315614; total time=   0.9s
[CV] END .....................model__C=0.0011526449540315614; total time=   0.9s
[CV] END .....................model__C=0.0011526449540315614; total time=   0.9s
[CV] END .....................model__C=0.0011526449540315614; total time=   0.9s
[CV] END .....................model__C=0.0008111941985431928; total time=   0.9s
[CV] END .....................model__C=0.0008111941985431928; total time=   0.9s
[CV] END .....................model__C=0.0008111941985431928; total time=   0.9s
[CV] END .....................model__C=0.0008111941985431928; total time=   0.9s
[CV] END .....................model__C=0.0008111941985431928; total time=   0.9s
[CV] END .....................model__C=0.0008111941985431928; total time=   0.9s
[CV] END .....................model__C=0.0008111941985431928; total time=   0.9s
[CV] END .....................model__C=0.0008111941985431928; total time=   0.9s

[PROGRESS] [............................] 0/6 models | current=Logistic Regression | elapsed 00:02:15 | ETA calculando
[CV] END .....................model__C=0.0008111941985431928; total time=   0.9s
[CV] END .....................model__C=0.0008111941985431928; total time=   0.9s
[CV] END .....................model__C=0.0008260808399079611; total time=   0.9s
[CV] END .....................model__C=0.0008260808399079611; total time=   0.9s
[CV] END .....................model__C=0.0008260808399079611; total time=   0.9s
[CV] END .....................model__C=0.0008260808399079611; total time=   0.9s
[CV] END .....................model__C=0.0008260808399079611; total time=   0.9s
[CV] END .....................model__C=0.0008260808399079611; total time=   0.9s
[CV] END .....................model__C=0.0008260808399079611; total time=   0.9s
[CV] END .....................model__C=0.0008260808399079611; total time=   0.9s
[CV] END .....................model__C=0.0008260808399079611; total time=   0.9s
[CV] END .....................model__C=0.0008260808399079611; total time=   0.9s
[CV] END .....................model__C=0.0033205591037519565; total time=   0.9s
[CV] END .....................model__C=0.0033205591037519565; total time=   0.9s
[CV] END .....................model__C=0.0033205591037519565; total time=   0.9s
[CV] END .....................model__C=0.0033205591037519565; total time=   0.9s
[CV] END .....................model__C=0.0033205591037519565; total time=   0.9s

[PROGRESS] [............................] 0/6 models | current=Logistic Regression | elapsed 00:02:30 | ETA calculando
[CV] END .....................model__C=0.0033205591037519565; total time=   0.9s
[CV] END .....................model__C=0.0033205591037519565; total time=   0.9s
[CV] END .....................model__C=0.0033205591037519565; total time=   0.9s
[CV] END .....................model__C=0.0033205591037519565; total time=   0.9s
[CV] END .....................model__C=0.0033205591037519565; total time=   0.9s
[CV] END ......................model__C=0.042051564509138675; total time=   0.9s
[CV] END ......................model__C=0.042051564509138675; total time=   0.9s
[CV] END ......................model__C=0.042051564509138675; total time=   0.9s
[CV] END ......................model__C=0.042051564509138675; total time=   0.9s
[CV] END ......................model__C=0.042051564509138675; total time=   0.9s
[CV] END ......................model__C=0.042051564509138675; total time=   0.9s
[CV] END ......................model__C=0.042051564509138675; total time=   0.9s
[CV] END ......................model__C=0.042051564509138675; total time=   0.9s
[CV] END ......................model__C=0.042051564509138675; total time=   0.9s
[CV] END ......................model__C=0.042051564509138675; total time=   0.9s
[CV] END .......................model__C=0.01444525102276306; total time=   0.9s
[CV] END .......................model__C=0.01444525102276306; total time=   0.9s

[PROGRESS] [............................] 0/6 models | current=Logistic Regression | elapsed 00:02:45 | ETA calculando
[CV] END .......................model__C=0.01444525102276306; total time=   0.9s
[CV] END .......................model__C=0.01444525102276306; total time=   0.9s
[CV] END .......................model__C=0.01444525102276306; total time=   0.9s
[CV] END .......................model__C=0.01444525102276306; total time=   0.9s
[CV] END .......................model__C=0.01444525102276306; total time=   0.9s
[CV] END .......................model__C=0.01444525102276306; total time=   0.9s
[CV] END .......................model__C=0.01444525102276306; total time=   0.9s
[CV] END .......................model__C=0.01444525102276306; total time=   0.9s
[CV] END .....................model__C=0.0028585493941961923; total time=   0.9s
[CV] END .....................model__C=0.0028585493941961923; total time=   0.9s
[CV] END .....................model__C=0.0028585493941961923; total time=   0.9s
[CV] END .....................model__C=0.0028585493941961923; total time=   0.9s
[CV] END .....................model__C=0.0028585493941961923; total time=   0.9s
[CV] END .....................model__C=0.0028585493941961923; total time=   0.9s
[CV] END .....................model__C=0.0028585493941961923; total time=   0.9s
[CV] END .....................model__C=0.0028585493941961923; total time=   0.9s
[CV] END .....................model__C=0.0028585493941961923; total time=   0.9s

[PROGRESS] [............................] 0/6 models | current=Logistic Regression | elapsed 00:03:00 | ETA calculando
[CV] END .....................model__C=0.0028585493941961923; total time=   0.9s
{
  "best_cv_auroc": 0.6273532909677926,
  "best_params": {
    "model__C": 0.000602521573620386
  },
  "oof_threshold": 0.41966504359205786,
  "oof_metrics": {
    "auroc": 0.627231181045808,
    "average_precision": 0.44791123679697065,
    "brier": 0.2373457247306723,
    "accuracy": 0.4690778329222265,
    "f1": 0.5085687563612357,
    "precision": 0.36472677056618663,
    "recall": 0.8397529069767442,
    "specificity": 0.2888564992712336,
    "tn": 6540,
    "fp": 16101,
    "fn": 1764,
    "tp": 9244
  },
  "test_metrics": {
    "auroc": 0.6238137932734377,
    "average_precision": 0.44857687241193606,
    "brier": 0.2378274983171778,
    "accuracy": 0.4610721502436705,
    "f1": 0.5052378873854212,
    "precision": 0.3610417966313163,
    "recall": 0.8412063953488372,
    "specificity": 0.27627627627627627,
    "tn": 1564,
    "fp": 4097,
    "fn": 437,
    "tp": 2315
  },
  "elapsed_seconds": 187.02250003814697
}

[PROGRESS] [####........................] 1/6 models | current=waiting | elapsed 00:03:10 | ETA 00:15:35

[PROGRESS] [####........................] 1/6 models | current=Elastic Net Logistic | elapsed 00:03:10 | ETA 00:15:35

[Elastic Net Logistic] RandomizedSearchCV n_iter=20 scoring=roc_auc cv=10
Fitting 10 folds for each of 20 candidates, totalling 200 fits
[CV] END model__C=0.0057537737941171915, model__l1_ratio=0.9507143064099162; total time=   3.2s

[PROGRESS] [####........................] 1/6 models | current=Elastic Net Logistic | elapsed 00:03:15 | ETA 00:15:35
[CV] END model__C=0.0057537737941171915, model__l1_ratio=0.9507143064099162; total time=   3.2s
[CV] END model__C=0.0057537737941171915, model__l1_ratio=0.9507143064099162; total time=   3.2s
[CV] END model__C=0.0057537737941171915, model__l1_ratio=0.9507143064099162; total time=   3.1s
[CV] END model__C=0.0057537737941171915, model__l1_ratio=0.9507143064099162; total time=   3.1s
[CV] END model__C=0.0057537737941171915, model__l1_ratio=0.9507143064099162; total time=   3.1s

[PROGRESS] [####........................] 1/6 models | current=Elastic Net Logistic | elapsed 00:03:30 | ETA 00:15:35
[CV] END model__C=0.0057537737941171915, model__l1_ratio=0.9507143064099162; total time=   3.2s
[CV] END model__C=0.0057537737941171915, model__l1_ratio=0.9507143064099162; total time=   3.2s
[CV] END model__C=0.0057537737941171915, model__l1_ratio=0.9507143064099162; total time=   3.2s
[CV] END model__C=0.0057537737941171915, model__l1_ratio=0.9507143064099162; total time=   3.1s

[PROGRESS] [####........................] 1/6 models | current=Elastic Net Logistic | elapsed 00:03:45 | ETA 00:15:35

[PROGRESS] [####........................] 1/6 models | current=Elastic Net Logistic | elapsed 00:04:00 | ETA 00:15:35

[PROGRESS] [####........................] 1/6 models | current=Elastic Net Logistic | elapsed 00:04:15 | ETA 00:15:35

[PROGRESS] [####........................] 1/6 models | current=Elastic Net Logistic | elapsed 00:04:30 | ETA 00:15:35
[CV] END model__C=0.27518044962720845, model__l1_ratio=0.5986584841970366; total time=  55.4s

[PROGRESS] [####........................] 1/6 models | current=Elastic Net Logistic | elapsed 00:04:45 | ETA 00:15:35

[PROGRESS] [####........................] 1/6 models | current=Elastic Net Logistic | elapsed 00:05:00 | ETA 00:15:35

[PROGRESS] [####........................] 1/6 models | current=Elastic Net Logistic | elapsed 00:05:15 | ETA 00:15:35
[CV] END model__C=0.27518044962720845, model__l1_ratio=0.5986584841970366; total time=  38.5s

[PROGRESS] [####........................] 1/6 models | current=Elastic Net Logistic | elapsed 00:05:30 | ETA 00:15:35

[PROGRESS] [####........................] 1/6 models | current=Elastic Net Logistic | elapsed 00:05:45 | ETA 00:15:35
[CV] END model__C=0.27518044962720845, model__l1_ratio=0.5986584841970366; total time=  34.6s

[PROGRESS] [####........................] 1/6 models | current=Elastic Net Logistic | elapsed 00:06:00 | ETA 00:15:35

[PROGRESS] [####........................] 1/6 models | current=Elastic Net Logistic | elapsed 00:06:15 | ETA 00:15:35

[PROGRESS] [####........................] 1/6 models | current=Elastic Net Logistic | elapsed 00:06:30 | ETA 00:15:35
[CV] END model__C=0.27518044962720845, model__l1_ratio=0.5986584841970366; total time=  42.5s

[PROGRESS] [####........................] 1/6 models | current=Elastic Net Logistic | elapsed 00:06:45 | ETA 00:15:35

[PROGRESS] [####........................] 1/6 models | current=Elastic Net Logistic | elapsed 00:07:00 | ETA 00:15:35

[PROGRESS] [####........................] 1/6 models | current=Elastic Net Logistic | elapsed 00:07:15 | ETA 00:15:35

[PROGRESS] [####........................] 1/6 models | current=Elastic Net Logistic | elapsed 00:07:30 | ETA 00:15:35
[CV] END model__C=0.27518044962720845, model__l1_ratio=0.5986584841970366; total time= 1.0min

[PROGRESS] [####........................] 1/6 models | current=Elastic Net Logistic | elapsed 00:07:45 | ETA 00:15:35

started=2026-08-06T15:38:55.569151+00:00 n_iter=20 resume=True
/home/marmengol/.local/lib/python3.9/site-packages/dask/dataframe/__init__.py:42: FutureWarning: 
Dask dataframe query planning is disabled because dask-expr is not installed.

You can install it with `pip install dask[dataframe]` or `conda install dask`.
This will raise in a future version.

  warnings.warn(msg, FutureWarning)
El directorio de trabajo actual es: /home/marmengol/projects/trIAje_code
El directorio de trabajo actual es: /media/datos/datos_compartidos/trIAje/data/df_modelling
Filtering by demand_type_1 == 54
Filtering by age >= 18

Final cohort size for p1_real_emerg: 42062
Outcome distribution:  p1_real_emerg
0    28302
1    13760
Name: count, dtype: Int64 


========================================
Columns retained before train/test split: 168
Not used as model features: p1_real_emerg is the outcome; year is used with p1_real_emerg for stratification
========================================

Loaded existing fixed train/test split.
Rows=42,062 train=33,649 test=8,413 features=167
Outcome train: {0: 22641, 1: 11008} scale_pos_weight=2.0568

[PROGRESS] [####........................] 1/6 models | current=waiting | elapsed 00:00:03 | ETA 00:15:35
Skipping completed model: Logistic Regression

[PROGRESS] [####........................] 1/6 models | current=Elastic Net Logistic | elapsed 00:00:03 | ETA 00:15:35

[Elastic Net Logistic] RandomizedSearchCV n_iter=20 scoring=roc_auc cv=10
Fitting 10 folds for each of 20 candidates, totalling 200 fits
[CV] END model__C=0.0057537737941171915, model__l1_ratio=0.9507143064099162; total time=   2.5s
[CV] END model__C=0.0057537737941171915, model__l1_ratio=0.9507143064099162; total time=   2.9s
[CV] END model__C=0.0057537737941171915, model__l1_ratio=0.9507143064099162; total time=   2.5s
[CV] END model__C=0.0057537737941171915, model__l1_ratio=0.9507143064099162; total time=   2.4s

[PROGRESS] [####........................] 1/6 models | current=Elastic Net Logistic | elapsed 00:00:15 | ETA 00:15:35
[CV] END model__C=0.0057537737941171915, model__l1_ratio=0.9507143064099162; total time=   2.6s
[CV] END model__C=0.0057537737941171915, model__l1_ratio=0.9507143064099162; total time=   2.5s
[CV] END model__C=0.0057537737941171915, model__l1_ratio=0.9507143064099162; total time=   2.7s
[CV] END model__C=0.0057537737941171915, model__l1_ratio=0.9507143064099162; total time=   2.5s
[CV] END model__C=0.0057537737941171915, model__l1_ratio=0.9507143064099162; total time=   2.5s
[CV] END model__C=0.0057537737941171915, model__l1_ratio=0.9507143064099162; total time=   2.6s

[PROGRESS] [####........................] 1/6 models | current=Elastic Net Logistic | elapsed 00:00:30 | ETA 00:15:35
[CV] END model__C=0.27518044962720845, model__l1_ratio=0.5986584841970366; total time=  14.4s

[PROGRESS] [####........................] 1/6 models | current=Elastic Net Logistic | elapsed 00:00:45 | ETA 00:15:35
[CV] END model__C=0.27518044962720845, model__l1_ratio=0.5986584841970366; total time=  10.5s

[PROGRESS] [####........................] 1/6 models | current=Elastic Net Logistic | elapsed 00:01:00 | ETA 00:15:35
[CV] END model__C=0.27518044962720845, model__l1_ratio=0.5986584841970366; total time=   9.0s
[CV] END model__C=0.27518044962720845, model__l1_ratio=0.5986584841970366; total time=  10.3s

[PROGRESS] [####........................] 1/6 models | current=Elastic Net Logistic | elapsed 00:01:15 | ETA 00:15:35
[CV] END model__C=0.27518044962720845, model__l1_ratio=0.5986584841970366; total time=   7.8s

[PROGRESS] [####........................] 1/6 models | current=Elastic Net Logistic | elapsed 00:01:30 | ETA 00:15:35
[CV] END model__C=0.27518044962720845, model__l1_ratio=0.5986584841970366; total time=  15.1s

[PROGRESS] [####........................] 1/6 models | current=Elastic Net Logistic | elapsed 00:01:45 | ETA 00:15:35
[CV] END model__C=0.27518044962720845, model__l1_ratio=0.5986584841970366; total time=   8.9s
[CV] END model__C=0.27518044962720845, model__l1_ratio=0.5986584841970366; total time=   7.1s

[PROGRESS] [####........................] 1/6 models | current=Elastic Net Logistic | elapsed 00:02:00 | ETA 00:15:35
[CV] END model__C=0.27518044962720845, model__l1_ratio=0.5986584841970366; total time=  11.8s
[CV] END model__C=0.27518044962720845, model__l1_ratio=0.5986584841970366; total time=   9.2s

[PROGRESS] [####........................] 1/6 models | current=Elastic Net Logistic | elapsed 00:02:15 | ETA 00:15:35
[CV] END model__C=0.0005409123677836541, model__l1_ratio=0.15599452033620265; total time=   2.3s
[CV] END model__C=0.0005409123677836541, model__l1_ratio=0.15599452033620265; total time=   2.4s
[CV] END model__C=0.0005409123677836541, model__l1_ratio=0.15599452033620265; total time=   2.4s
[CV] END model__C=0.0005409123677836541, model__l1_ratio=0.15599452033620265; total time=   2.4s
[CV] END model__C=0.0005409123677836541, model__l1_ratio=0.15599452033620265; total time=   2.4s
[CV] END model__C=0.0005409123677836541, model__l1_ratio=0.15599452033620265; total time=   2.5s

[PROGRESS] [####........................] 1/6 models | current=Elastic Net Logistic | elapsed 00:02:30 | ETA 00:15:35
[CV] END model__C=0.0005409123677836541, model__l1_ratio=0.15599452033620265; total time=   2.5s
[CV] END model__C=0.0005409123677836541, model__l1_ratio=0.15599452033620265; total time=   2.4s
[CV] END model__C=0.0005409123677836541, model__l1_ratio=0.15599452033620265; total time=   2.3s
[CV] END model__C=0.0005409123677836541, model__l1_ratio=0.15599452033620265; total time=   2.4s
[CV] END model__C=0.00018747059221802545, model__l1_ratio=0.8661761457749352; total time=   1.6s
[CV] END model__C=0.00018747059221802545, model__l1_ratio=0.8661761457749352; total time=   1.6s
[CV] END model__C=0.00018747059221802545, model__l1_ratio=0.8661761457749352; total time=   1.6s
[CV] END model__C=0.00018747059221802545, model__l1_ratio=0.8661761457749352; total time=   1.6s

[PROGRESS] [####........................] 1/6 models | current=Elastic Net Logistic | elapsed 00:02:45 | ETA 00:15:35
[CV] END model__C=0.00018747059221802545, model__l1_ratio=0.8661761457749352; total time=   1.6s
[CV] END model__C=0.00018747059221802545, model__l1_ratio=0.8661761457749352; total time=   1.6s
[CV] END model__C=0.00018747059221802545, model__l1_ratio=0.8661761457749352; total time=   1.6s
[CV] END model__C=0.00018747059221802545, model__l1_ratio=0.8661761457749352; total time=   1.6s
[CV] END model__C=0.00018747059221802545, model__l1_ratio=0.8661761457749352; total time=   1.6s
[CV] END model__C=0.00018747059221802545, model__l1_ratio=0.8661761457749352; total time=   1.5s
[CV] END model__C=0.0667761551174708, model__l1_ratio=0.7080725777960455; total time=   5.6s

[PROGRESS] [####........................] 1/6 models | current=Elastic Net Logistic | elapsed 00:03:00 | ETA 00:15:35
[CV] END model__C=0.0667761551174708, model__l1_ratio=0.7080725777960455; total time=   5.6s
[CV] END model__C=0.0667761551174708, model__l1_ratio=0.7080725777960455; total time=   3.1s
[CV] END model__C=0.0667761551174708, model__l1_ratio=0.7080725777960455; total time=   4.8s

[PROGRESS] [####........................] 1/6 models | current=Elastic Net Logistic | elapsed 00:03:15 | ETA 00:15:35
[CV] END model__C=0.0667761551174708, model__l1_ratio=0.7080725777960455; total time=   7.3s
[CV] END model__C=0.0667761551174708, model__l1_ratio=0.7080725777960455; total time=   6.7s
[CV] END model__C=0.0667761551174708, model__l1_ratio=0.7080725777960455; total time=   2.6s

[PROGRESS] [####........................] 1/6 models | current=Elastic Net Logistic | elapsed 00:03:30 | ETA 00:15:35
[CV] END model__C=0.0667761551174708, model__l1_ratio=0.7080725777960455; total time=   8.5s

[PROGRESS] [####........................] 1/6 models | current=Elastic Net Logistic | elapsed 00:03:45 | ETA 00:15:35
[CV] END model__C=0.0667761551174708, model__l1_ratio=0.7080725777960455; total time=   9.9s
[CV] END model__C=0.0667761551174708, model__l1_ratio=0.7080725777960455; total time=   8.2s
[CV] END model__C=0.00012494702536130708, model__l1_ratio=0.9699098521619943; total time=   1.6s
[CV] END model__C=0.00012494702536130708, model__l1_ratio=0.9699098521619943; total time=   1.6s

[PROGRESS] [####........................] 1/6 models | current=Elastic Net Logistic | elapsed 00:04:00 | ETA 00:15:35
[CV] END model__C=0.00012494702536130708, model__l1_ratio=0.9699098521619943; total time=   1.4s
[CV] END model__C=0.00012494702536130708, model__l1_ratio=0.9699098521619943; total time=   1.6s
[CV] END model__C=0.00012494702536130708, model__l1_ratio=0.9699098521619943; total time=   1.6s
[CV] END model__C=0.00012494702536130708, model__l1_ratio=0.9699098521619943; total time=   1.6s
[CV] END model__C=0.00012494702536130708, model__l1_ratio=0.9699098521619943; total time=   1.3s
[CV] END model__C=0.00012494702536130708, model__l1_ratio=0.9699098521619943; total time=   1.4s
[CV] END model__C=0.00012494702536130708, model__l1_ratio=0.9699098521619943; total time=   1.6s
[CV] END model__C=0.00012494702536130708, model__l1_ratio=0.9699098521619943; total time=   1.1s

[PROGRESS] [####........................] 1/6 models | current=Elastic Net Logistic | elapsed 00:04:15 | ETA 00:15:35
[CV] END model__C=0.8158738235092007, model__l1_ratio=0.21233911067827616; total time=   8.9s
[CV] END model__C=0.8158738235092007, model__l1_ratio=0.21233911067827616; total time=   9.2s

[PROGRESS] [####........................] 1/6 models | current=Elastic Net Logistic | elapsed 00:04:30 | ETA 00:15:35
[CV] END model__C=0.8158738235092007, model__l1_ratio=0.21233911067827616; total time=   6.4s
[CV] END model__C=0.8158738235092007, model__l1_ratio=0.21233911067827616; total time=   8.1s

[PROGRESS] [####........................] 1/6 models | current=Elastic Net Logistic | elapsed 00:04:45 | ETA 00:15:35
[CV] END model__C=0.8158738235092007, model__l1_ratio=0.21233911067827616; total time=   8.0s

[PROGRESS] [####........................] 1/6 models | current=Elastic Net Logistic | elapsed 00:05:00 | ETA 00:15:35
[CV] END model__C=0.8158738235092007, model__l1_ratio=0.21233911067827616; total time=   8.8s
[CV] END model__C=0.8158738235092007, model__l1_ratio=0.21233911067827616; total time=  10.3s

[PROGRESS] [####........................] 1/6 models | current=Elastic Net Logistic | elapsed 00:05:15 | ETA 00:15:35
[CV] END model__C=0.8158738235092007, model__l1_ratio=0.21233911067827616; total time=   8.5s
[CV] END model__C=0.8158738235092007, model__l1_ratio=0.21233911067827616; total time=   4.8s

[PROGRESS] [####........................] 1/6 models | current=Elastic Net Logistic | elapsed 00:05:30 | ETA 00:15:35
[CV] END model__C=0.8158738235092007, model__l1_ratio=0.21233911067827616; total time=   6.4s
[CV] END model__C=0.0007151383480402494, model__l1_ratio=0.18340450985343382; total time=   2.4s
[CV] END model__C=0.0007151383480402494, model__l1_ratio=0.18340450985343382; total time=   2.4s
[CV] END model__C=0.0007151383480402494, model__l1_ratio=0.18340450985343382; total time=   2.4s
[CV] END model__C=0.0007151383480402494, model__l1_ratio=0.18340450985343382; total time=   2.4s
[CV] END model__C=0.0007151383480402494, model__l1_ratio=0.18340450985343382; total time=   2.4s
[CV] END model__C=0.0007151383480402494, model__l1_ratio=0.18340450985343382; total time=   2.5s

[PROGRESS] [####........................] 1/6 models | current=Elastic Net Logistic | elapsed 00:05:45 | ETA 00:15:35
[CV] END model__C=0.0007151383480402494, model__l1_ratio=0.18340450985343382; total time=   2.5s
[CV] END model__C=0.0007151383480402494, model__l1_ratio=0.18340450985343382; total time=   2.5s
[CV] END model__C=0.0007151383480402494, model__l1_ratio=0.18340450985343382; total time=   2.4s
[CV] END model__C=0.0007151383480402494, model__l1_ratio=0.18340450985343382; total time=   2.5s
[CV] END model__C=0.0026892128247368906, model__l1_ratio=0.5247564316322378; total time=   2.6s
[CV] END model__C=0.0026892128247368906, model__l1_ratio=0.5247564316322378; total time=   2.4s

[PROGRESS] [####........................] 1/6 models | current=Elastic Net Logistic | elapsed 00:06:00 | ETA 00:15:35
[CV] END model__C=0.0026892128247368906, model__l1_ratio=0.5247564316322378; total time=   2.4s
[CV] END model__C=0.0026892128247368906, model__l1_ratio=0.5247564316322378; total time=   2.4s
[CV] END model__C=0.0026892128247368906, model__l1_ratio=0.5247564316322378; total time=   2.5s
[CV] END model__C=0.0026892128247368906, model__l1_ratio=0.5247564316322378; total time=   2.6s
[CV] END model__C=0.0026892128247368906, model__l1_ratio=0.5247564316322378; total time=   2.5s
[CV] END model__C=0.0026892128247368906, model__l1_ratio=0.5247564316322378; total time=   2.4s

[PROGRESS] [####........................] 1/6 models | current=Elastic Net Logistic | elapsed 00:06:15 | ETA 00:15:35
[CV] END model__C=0.0026892128247368906, model__l1_ratio=0.5247564316322378; total time=   2.4s
[CV] END model__C=0.0026892128247368906, model__l1_ratio=0.5247564316322378; total time=   2.4s
[CV] END model__C=0.010707712109770782, model__l1_ratio=0.2912291401980419; total time=   2.9s
[CV] END model__C=0.010707712109770782, model__l1_ratio=0.2912291401980419; total time=   2.7s
[CV] END model__C=0.010707712109770782, model__l1_ratio=0.2912291401980419; total time=   2.6s

[PROGRESS] [####........................] 1/6 models | current=Elastic Net Logistic | elapsed 00:06:30 | ETA 00:15:35
[CV] END model__C=0.010707712109770782, model__l1_ratio=0.2912291401980419; total time=   2.5s
[CV] END model__C=0.010707712109770782, model__l1_ratio=0.2912291401980419; total time=   2.6s
[CV] END model__C=0.010707712109770782, model__l1_ratio=0.2912291401980419; total time=   2.6s
[CV] END model__C=0.010707712109770782, model__l1_ratio=0.2912291401980419; total time=   2.7s
[CV] END model__C=0.010707712109770782, model__l1_ratio=0.2912291401980419; total time=   2.6s
[CV] END model__C=0.010707712109770782, model__l1_ratio=0.2912291401980419; total time=   2.5s

[PROGRESS] [####........................] 1/6 models | current=Elastic Net Logistic | elapsed 00:06:45 | ETA 00:15:35
[CV] END model__C=0.010707712109770782, model__l1_ratio=0.2912291401980419; total time=   2.6s
[CV] END model__C=0.07500295933641415, model__l1_ratio=0.13949386065204183; total time=  10.6s

[PROGRESS] [####........................] 1/6 models | current=Elastic Net Logistic | elapsed 00:07:00 | ETA 00:15:35
[CV] END model__C=0.07500295933641415, model__l1_ratio=0.13949386065204183; total time=   9.6s

[PROGRESS] [####........................] 1/6 models | current=Elastic Net Logistic | elapsed 00:07:15 | ETA 00:15:35
[CV] END model__C=0.07500295933641415, model__l1_ratio=0.13949386065204183; total time=  10.0s
[CV] END model__C=0.07500295933641415, model__l1_ratio=0.13949386065204183; total time=  10.2s

[PROGRESS] [####........................] 1/6 models | current=Elastic Net Logistic | elapsed 00:07:30 | ETA 00:15:35
[CV] END model__C=0.07500295933641415, model__l1_ratio=0.13949386065204183; total time=  10.2s

[PROGRESS] [####........................] 1/6 models | current=Elastic Net Logistic | elapsed 00:07:45 | ETA 00:15:35
[CV] END model__C=0.07500295933641415, model__l1_ratio=0.13949386065204183; total time=   9.9s
[CV] END model__C=0.07500295933641415, model__l1_ratio=0.13949386065204183; total time=  10.2s

[PROGRESS] [####........................] 1/6 models | current=Elastic Net Logistic | elapsed 00:08:00 | ETA 00:15:35
[CV] END model__C=0.07500295933641415, model__l1_ratio=0.13949386065204183; total time=  10.7s

[PROGRESS] [####........................] 1/6 models | current=Elastic Net Logistic | elapsed 00:08:15 | ETA 00:15:35
[CV] END model__C=0.07500295933641415, model__l1_ratio=0.13949386065204183; total time=  10.2s
[CV] END model__C=0.07500295933641415, model__l1_ratio=0.13949386065204183; total time=   9.7s
[CV] END model__C=0.002359277035307129, model__l1_ratio=0.3663618432936917; total time=   2.4s

[PROGRESS] [####........................] 1/6 models | current=Elastic Net Logistic | elapsed 00:08:30 | ETA 00:15:35
[CV] END model__C=0.002359277035307129, model__l1_ratio=0.3663618432936917; total time=   2.4s
[CV] END model__C=0.002359277035307129, model__l1_ratio=0.3663618432936917; total time=   2.5s
[CV] END model__C=0.002359277035307129, model__l1_ratio=0.3663618432936917; total time=   2.5s
[CV] END model__C=0.002359277035307129, model__l1_ratio=0.3663618432936917; total time=   2.4s
[CV] END model__C=0.002359277035307129, model__l1_ratio=0.3663618432936917; total time=   2.6s
[CV] END model__C=0.002359277035307129, model__l1_ratio=0.3663618432936917; total time=   2.6s

[PROGRESS] [####........................] 1/6 models | current=Elastic Net Logistic | elapsed 00:08:45 | ETA 00:15:35
[CV] END model__C=0.002359277035307129, model__l1_ratio=0.3663618432936917; total time=   2.4s
[CV] END model__C=0.002359277035307129, model__l1_ratio=0.3663618432936917; total time=   2.4s
[CV] END model__C=0.002359277035307129, model__l1_ratio=0.3663618432936917; total time=   2.5s
[CV] END model__C=0.013901420350545918, model__l1_ratio=0.7851759613930136; total time=   2.5s
[CV] END model__C=0.013901420350545918, model__l1_ratio=0.7851759613930136; total time=   3.0s

[PROGRESS] [####........................] 1/6 models | current=Elastic Net Logistic | elapsed 00:09:00 | ETA 00:15:35
[CV] END model__C=0.013901420350545918, model__l1_ratio=0.7851759613930136; total time=   2.7s
[CV] END model__C=0.013901420350545918, model__l1_ratio=0.7851759613930136; total time=   2.5s
[CV] END model__C=0.013901420350545918, model__l1_ratio=0.7851759613930136; total time=   2.7s
[CV] END model__C=0.013901420350545918, model__l1_ratio=0.7851759613930136; total time=   2.5s
[CV] END model__C=0.013901420350545918, model__l1_ratio=0.7851759613930136; total time=   2.7s
[CV] END model__C=0.013901420350545918, model__l1_ratio=0.7851759613930136; total time=   2.6s

[PROGRESS] [####........................] 1/6 models | current=Elastic Net Logistic | elapsed 00:09:15 | ETA 00:15:35
[CV] END model__C=0.013901420350545918, model__l1_ratio=0.7851759613930136; total time=   2.6s
[CV] END model__C=0.013901420350545918, model__l1_ratio=0.7851759613930136; total time=   2.5s
[CV] END model__C=0.0008674832802525459, model__l1_ratio=0.5142344384136116; total time=   2.3s
[CV] END model__C=0.0008674832802525459, model__l1_ratio=0.5142344384136116; total time=   2.4s
[CV] END model__C=0.0008674832802525459, model__l1_ratio=0.5142344384136116; total time=   2.2s
[CV] END model__C=0.0008674832802525459, model__l1_ratio=0.5142344384136116; total time=   2.3s
[CV] END model__C=0.0008674832802525459, model__l1_ratio=0.5142344384136116; total time=   2.3s

[PROGRESS] [####........................] 1/6 models | current=Elastic Net Logistic | elapsed 00:09:30 | ETA 00:15:35
[CV] END model__C=0.0008674832802525459, model__l1_ratio=0.5142344384136116; total time=   2.3s
[CV] END model__C=0.0008674832802525459, model__l1_ratio=0.5142344384136116; total time=   2.3s
[CV] END model__C=0.0008674832802525459, model__l1_ratio=0.5142344384136116; total time=   2.3s
[CV] END model__C=0.0008674832802525459, model__l1_ratio=0.5142344384136116; total time=   2.3s
[CV] END model__C=0.0008674832802525459, model__l1_ratio=0.5142344384136116; total time=   2.3s

[PROGRESS] [####........................] 1/6 models | current=Elastic Net Logistic | elapsed 00:09:45 | ETA 00:15:35
[CV] END model__C=0.06077686426194464, model__l1_ratio=0.046450412719997725; total time=   5.1s
[CV] END model__C=0.06077686426194464, model__l1_ratio=0.046450412719997725; total time=   5.2s
[CV] END model__C=0.06077686426194464, model__l1_ratio=0.046450412719997725; total time=   3.4s
[CV] END model__C=0.06077686426194464, model__l1_ratio=0.046450412719997725; total time=   4.4s

[PROGRESS] [####........................] 1/6 models | current=Elastic Net Logistic | elapsed 00:10:00 | ETA 00:15:35
[CV] END model__C=0.06077686426194464, model__l1_ratio=0.046450412719997725; total time=   4.4s
[CV] END model__C=0.06077686426194464, model__l1_ratio=0.046450412719997725; total time=   4.9s
[CV] END model__C=0.06077686426194464, model__l1_ratio=0.046450412719997725; total time=   6.2s

[PROGRESS] [####........................] 1/6 models | current=Elastic Net Logistic | elapsed 00:10:15 | ETA 00:15:35
[CV] END model__C=0.06077686426194464, model__l1_ratio=0.046450412719997725; total time=   4.8s
[CV] END model__C=0.06077686426194464, model__l1_ratio=0.046450412719997725; total time=   3.5s
[CV] END model__C=0.06077686426194464, model__l1_ratio=0.046450412719997725; total time=   3.5s

[PROGRESS] [####........................] 1/6 models | current=Elastic Net Logistic | elapsed 00:10:30 | ETA 00:15:35
[CV] END model__C=0.07158714383119803, model__l1_ratio=0.17052412368729153; total time=  11.8s

[PROGRESS] [####........................] 1/6 models | current=Elastic Net Logistic | elapsed 00:10:45 | ETA 00:15:35
[CV] END model__C=0.07158714383119803, model__l1_ratio=0.17052412368729153; total time=  10.8s

[PROGRESS] [####........................] 1/6 models | current=Elastic Net Logistic | elapsed 00:11:00 | ETA 00:15:35
[CV] END model__C=0.07158714383119803, model__l1_ratio=0.17052412368729153; total time=  11.2s
[CV] END model__C=0.07158714383119803, model__l1_ratio=0.17052412368729153; total time=  11.4s

[PROGRESS] [####........................] 1/6 models | current=Elastic Net Logistic | elapsed 00:11:15 | ETA 00:15:35
[CV] END model__C=0.07158714383119803, model__l1_ratio=0.17052412368729153; total time=  11.3s

[PROGRESS] [####........................] 1/6 models | current=Elastic Net Logistic | elapsed 00:11:30 | ETA 00:15:35
[CV] END model__C=0.07158714383119803, model__l1_ratio=0.17052412368729153; total time=  11.1s

[PROGRESS] [####........................] 1/6 models | current=Elastic Net Logistic | elapsed 00:11:45 | ETA 00:15:35
[CV] END model__C=0.07158714383119803, model__l1_ratio=0.17052412368729153; total time=  11.6s
[CV] END model__C=0.07158714383119803, model__l1_ratio=0.17052412368729153; total time=  11.6s

[PROGRESS] [####........................] 1/6 models | current=Elastic Net Logistic | elapsed 00:12:00 | ETA 00:15:35
[CV] END model__C=0.07158714383119803, model__l1_ratio=0.17052412368729153; total time=  11.6s

[PROGRESS] [####........................] 1/6 models | current=Elastic Net Logistic | elapsed 00:12:15 | ETA 00:15:35
[CV] END model__C=0.07158714383119803, model__l1_ratio=0.17052412368729153; total time=  10.9s
[CV] END model__C=0.00020215080921812391, model__l1_ratio=0.9488855372533332; total time=   1.6s
[CV] END model__C=0.00020215080921812391, model__l1_ratio=0.9488855372533332; total time=   1.6s
[CV] END model__C=0.00020215080921812391, model__l1_ratio=0.9488855372533332; total time=   1.6s
[CV] END model__C=0.00020215080921812391, model__l1_ratio=0.9488855372533332; total time=   1.6s
[CV] END model__C=0.00020215080921812391, model__l1_ratio=0.9488855372533332; total time=   1.6s
[CV] END model__C=0.00020215080921812391, model__l1_ratio=0.9488855372533332; total time=   1.6s

[PROGRESS] [####........................] 1/6 models | current=Elastic Net Logistic | elapsed 00:12:30 | ETA 00:15:35
[CV] END model__C=0.00020215080921812391, model__l1_ratio=0.9488855372533332; total time=   1.6s
[CV] END model__C=0.00020215080921812391, model__l1_ratio=0.9488855372533332; total time=   1.6s
[CV] END model__C=0.00020215080921812391, model__l1_ratio=0.9488855372533332; total time=   1.6s
[CV] END model__C=0.00020215080921812391, model__l1_ratio=0.9488855372533332; total time=   1.5s
[CV] END model__C=3.447275228705856, model__l1_ratio=0.8083973481164611; total time=   9.2s

[PROGRESS] [####........................] 1/6 models | current=Elastic Net Logistic | elapsed 00:12:45 | ETA 00:15:35
[CV] END model__C=3.447275228705856, model__l1_ratio=0.8083973481164611; total time=   9.5s

[PROGRESS] [####........................] 1/6 models | current=Elastic Net Logistic | elapsed 00:13:00 | ETA 00:15:35
[CV] END model__C=3.447275228705856, model__l1_ratio=0.8083973481164611; total time=   6.8s
[CV] END model__C=3.447275228705856, model__l1_ratio=0.8083973481164611; total time=   8.3s

[PROGRESS] [####........................] 1/6 models | current=Elastic Net Logistic | elapsed 00:13:15 | ETA 00:15:35
[CV] END model__C=3.447275228705856, model__l1_ratio=0.8083973481164611; total time=   8.4s
[CV] END model__C=3.447275228705856, model__l1_ratio=0.8083973481164611; total time=   9.1s

[PROGRESS] [####........................] 1/6 models | current=Elastic Net Logistic | elapsed 00:13:30 | ETA 00:15:35
[CV] END model__C=3.447275228705856, model__l1_ratio=0.8083973481164611; total time=  10.7s

[PROGRESS] [####........................] 1/6 models | current=Elastic Net Logistic | elapsed 00:13:45 | ETA 00:15:35
[CV] END model__C=3.447275228705856, model__l1_ratio=0.8083973481164611; total time=   8.7s
[CV] END model__C=3.447275228705856, model__l1_ratio=0.8083973481164611; total time=   5.0s
[CV] END model__C=3.447275228705856, model__l1_ratio=0.8083973481164611; total time=   6.7s

[PROGRESS] [####........................] 1/6 models | current=Elastic Net Logistic | elapsed 00:14:00 | ETA 00:15:35
[CV] END model__C=0.0027000447632122603, model__l1_ratio=0.09767211400638387; total time=   2.4s
[CV] END model__C=0.0027000447632122603, model__l1_ratio=0.09767211400638387; total time=   2.5s
[CV] END model__C=0.0027000447632122603, model__l1_ratio=0.09767211400638387; total time=   2.6s
[CV] END model__C=0.0027000447632122603, model__l1_ratio=0.09767211400638387; total time=   2.5s
[CV] END model__C=0.0027000447632122603, model__l1_ratio=0.09767211400638387; total time=   2.6s
[CV] END model__C=0.0027000447632122603, model__l1_ratio=0.09767211400638387; total time=   2.5s

[PROGRESS] [####........................] 1/6 models | current=Elastic Net Logistic | elapsed 00:14:15 | ETA 00:15:35
[CV] END model__C=0.0027000447632122603, model__l1_ratio=0.09767211400638387; total time=   2.6s
[CV] END model__C=0.0027000447632122603, model__l1_ratio=0.09767211400638387; total time=   2.6s
[CV] END model__C=0.0027000447632122603, model__l1_ratio=0.09767211400638387; total time=   2.4s
[CV] END model__C=0.0027000447632122603, model__l1_ratio=0.09767211400638387; total time=   2.5s

[PROGRESS] [####........................] 1/6 models | current=Elastic Net Logistic | elapsed 00:14:30 | ETA 00:15:35
[CV] END model__C=0.1641309440776004, model__l1_ratio=0.4401524937396013; total time=  14.3s

[PROGRESS] [####........................] 1/6 models | current=Elastic Net Logistic | elapsed 00:14:45 | ETA 00:15:35
[CV] END model__C=0.1641309440776004, model__l1_ratio=0.4401524937396013; total time=   9.8s
[CV] END model__C=0.1641309440776004, model__l1_ratio=0.4401524937396013; total time=   8.1s

[PROGRESS] [####........................] 1/6 models | current=Elastic Net Logistic | elapsed 00:15:00 | ETA 00:15:35
[CV] END model__C=0.1641309440776004, model__l1_ratio=0.4401524937396013; total time=   9.3s
[CV] END model__C=0.1641309440776004, model__l1_ratio=0.4401524937396013; total time=   7.0s

[PROGRESS] [####........................] 1/6 models | current=Elastic Net Logistic | elapsed 00:15:15 | ETA 00:15:35
[CV] END model__C=0.1641309440776004, model__l1_ratio=0.4401524937396013; total time=  14.7s

[PROGRESS] [####........................] 1/6 models | current=Elastic Net Logistic | elapsed 00:15:30 | ETA 00:15:35
[CV] END model__C=0.1641309440776004, model__l1_ratio=0.4401524937396013; total time=   8.0s
[CV] END model__C=0.1641309440776004, model__l1_ratio=0.4401524937396013; total time=   6.2s

[PROGRESS] [####........................] 1/6 models | current=Elastic Net Logistic | elapsed 00:15:45 | ETA 00:15:35
[CV] END model__C=0.1641309440776004, model__l1_ratio=0.4401524937396013; total time=  11.1s

[PROGRESS] [####........................] 1/6 models | current=Elastic Net Logistic | elapsed 00:16:00 | ETA 00:15:35
[CV] END model__C=0.1641309440776004, model__l1_ratio=0.4401524937396013; total time=   8.3s

[PROGRESS] [####........................] 1/6 models | current=Elastic Net Logistic | elapsed 00:16:15 | ETA 00:15:35
{
  "best_cv_auroc": 0.6281111970163804,
  "best_params": {
    "model__C": 0.013901420350545918,
    "model__l1_ratio": 0.7851759613930136
  },
  "oof_threshold": 0.41555852549779093,
  "oof_metrics": {
    "auroc": 0.6279507251167875,
    "average_precision": 0.448432629927202,
    "brier": 0.23726540814515532,
    "accuracy": 0.4667895034027757,
    "f1": 0.5099153236820541,
    "precision": 0.3645808921178033,
    "recall": 0.8479287790697675,
    "specificity": 0.2814804999779162,
    "tn": 6373,
    "fp": 16268,
    "fn": 1674,
    "tp": 9334
  },
  "test_metrics": {
    "auroc": 0.6247410628823077,
    "average_precision": 0.4474217939054589,
    "brier": 0.23772861793594843,
    "accuracy": 0.46202305955069534,
    "f1": 0.5080434782608696,
    "precision": 0.3624379652605459,
    "recall": 0.8492005813953488,
    "specificity": 0.27380321497968557,
    "tn": 1550,
    "fp": 4111,
    "fn": 415,
    "tp": 2337
  },
  "elapsed_seconds": 986.294766664505
}

[PROGRESS] [#########...................] 2/6 models | current=waiting | elapsed 00:16:29 | ETA 00:39:06

[PROGRESS] [#########...................] 2/6 models | current=Random Forest | elapsed 00:16:29 | ETA 00:39:06

[Random Forest] RandomizedSearchCV n_iter=20 scoring=roc_auc cv=10
Fitting 10 folds for each of 20 candidates, totalling 200 fits

[PROGRESS] [#########...................] 2/6 models | current=Random Forest | elapsed 00:16:30 | ETA 00:39:06

[PROGRESS] [#########...................] 2/6 models | current=Random Forest | elapsed 00:16:45 | ETA 00:39:06

[PROGRESS] [#########...................] 2/6 models | current=Random Forest | elapsed 00:17:00 | ETA 00:39:06

[PROGRESS] [#########...................] 2/6 models | current=Random Forest | elapsed 00:17:15 | ETA 00:39:06
[CV] END model__max_depth=15, model__max_features=0.7, model__min_samples_leaf=15, model__n_estimators=206; total time=  46.7s

[PROGRESS] [#########...................] 2/6 models | current=Random Forest | elapsed 00:17:30 | ETA 00:39:06

[PROGRESS] [#########...................] 2/6 models | current=Random Forest | elapsed 00:17:45 | ETA 00:39:06

[PROGRESS] [#########...................] 2/6 models | current=Random Forest | elapsed 00:18:00 | ETA 00:39:06
[CV] END model__max_depth=15, model__max_features=0.7, model__min_samples_leaf=15, model__n_estimators=206; total time=  48.1s

[PROGRESS] [#########...................] 2/6 models | current=Random Forest | elapsed 00:18:15 | ETA 00:39:06

[PROGRESS] [#########...................] 2/6 models | current=Random Forest | elapsed 00:18:30 | ETA 00:39:06

[PROGRESS] [#########...................] 2/6 models | current=Random Forest | elapsed 00:18:45 | ETA 00:39:06
[CV] END model__max_depth=15, model__max_features=0.7, model__min_samples_leaf=15, model__n_estimators=206; total time=  48.1s

[PROGRESS] [#########...................] 2/6 models | current=Random Forest | elapsed 00:19:00 | ETA 00:39:06

[PROGRESS] [#########...................] 2/6 models | current=Random Forest | elapsed 00:19:15 | ETA 00:39:06

[PROGRESS] [#########...................] 2/6 models | current=Random Forest | elapsed 00:19:30 | ETA 00:39:06
[CV] END model__max_depth=15, model__max_features=0.7, model__min_samples_leaf=15, model__n_estimators=206; total time=  48.2s

[PROGRESS] [#########...................] 2/6 models | current=Random Forest | elapsed 00:19:45 | ETA 00:39:06

[PROGRESS] [#########...................] 2/6 models | current=Random Forest | elapsed 00:20:00 | ETA 00:39:06

[PROGRESS] [#########...................] 2/6 models | current=Random Forest | elapsed 00:20:15 | ETA 00:39:06
[CV] END model__max_depth=15, model__max_features=0.7, model__min_samples_leaf=15, model__n_estimators=206; total time=  48.4s

[PROGRESS] [#########...................] 2/6 models | current=Random Forest | elapsed 00:20:30 | ETA 00:39:06

[PROGRESS] [#########...................] 2/6 models | current=Random Forest | elapsed 00:20:45 | ETA 00:39:06

[PROGRESS] [#########...................] 2/6 models | current=Random Forest | elapsed 00:21:00 | ETA 00:39:06

[PROGRESS] [#########...................] 2/6 models | current=Random Forest | elapsed 00:21:15 | ETA 00:39:06
[CV] END model__max_depth=15, model__max_features=0.7, model__min_samples_leaf=15, model__n_estimators=206; total time=  48.0s

[PROGRESS] [#########...................] 2/6 models | current=Random Forest | elapsed 00:21:30 | ETA 00:39:06

[PROGRESS] [#########...................] 2/6 models | current=Random Forest | elapsed 00:21:45 | ETA 00:39:06

[PROGRESS] [#########...................] 2/6 models | current=Random Forest | elapsed 00:22:00 | ETA 00:39:06
[CV] END model__max_depth=15, model__max_features=0.7, model__min_samples_leaf=15, model__n_estimators=206; total time=  48.4s

[PROGRESS] [#########...................] 2/6 models | current=Random Forest | elapsed 00:22:15 | ETA 00:39:06

[PROGRESS] [#########...................] 2/6 models | current=Random Forest | elapsed 00:22:30 | ETA 00:39:06

[PROGRESS] [#########...................] 2/6 models | current=Random Forest | elapsed 00:22:45 | ETA 00:39:06
[CV] END model__max_depth=15, model__max_features=0.7, model__min_samples_leaf=15, model__n_estimators=206; total time=  48.9s

[PROGRESS] [#########...................] 2/6 models | current=Random Forest | elapsed 00:23:00 | ETA 00:39:06

[PROGRESS] [#########...................] 2/6 models | current=Random Forest | elapsed 00:23:15 | ETA 00:39:06

[PROGRESS] [#########...................] 2/6 models | current=Random Forest | elapsed 00:23:30 | ETA 00:39:06
[CV] END model__max_depth=15, model__max_features=0.7, model__min_samples_leaf=15, model__n_estimators=206; total time=  48.2s

[PROGRESS] [#########...................] 2/6 models | current=Random Forest | elapsed 00:23:45 | ETA 00:39:06

[PROGRESS] [#########...................] 2/6 models | current=Random Forest | elapsed 00:24:00 | ETA 00:39:06

[PROGRESS] [#########...................] 2/6 models | current=Random Forest | elapsed 00:24:15 | ETA 00:39:06

[PROGRESS] [#########...................] 2/6 models | current=Random Forest | elapsed 00:24:30 | ETA 00:39:06
[CV] END model__max_depth=15, model__max_features=0.7, model__min_samples_leaf=15, model__n_estimators=206; total time=  48.3s

[PROGRESS] [#########...................] 2/6 models | current=Random Forest | elapsed 00:24:45 | ETA 00:39:06

[PROGRESS] [#########...................] 2/6 models | current=Random Forest | elapsed 00:25:00 | ETA 00:39:06

[PROGRESS] [#########...................] 2/6 models | current=Random Forest | elapsed 00:25:15 | ETA 00:39:06

[PROGRESS] [#########...................] 2/6 models | current=Random Forest | elapsed 00:25:30 | ETA 00:39:06
[CV] END model__max_depth=20, model__max_features=0.7, model__min_samples_leaf=7, model__n_estimators=221; total time= 1.1min

[PROGRESS] [#########...................] 2/6 models | current=Random Forest | elapsed 00:25:45 | ETA 00:39:06

[PROGRESS] [#########...................] 2/6 models | current=Random Forest | elapsed 00:26:00 | ETA 00:39:06

[PROGRESS] [#########...................] 2/6 models | current=Random Forest | elapsed 00:26:15 | ETA 00:39:06

[PROGRESS] [#########...................] 2/6 models | current=Random Forest | elapsed 00:26:30 | ETA 00:39:06
[CV] END model__max_depth=20, model__max_features=0.7, model__min_samples_leaf=7, model__n_estimators=221; total time= 1.1min

[PROGRESS] [#########...................] 2/6 models | current=Random Forest | elapsed 00:26:45 | ETA 00:39:06

[PROGRESS] [#########...................] 2/6 models | current=Random Forest | elapsed 00:27:00 | ETA 00:39:06

[PROGRESS] [#########...................] 2/6 models | current=Random Forest | elapsed 00:27:15 | ETA 00:39:06

[PROGRESS] [#########...................] 2/6 models | current=Random Forest | elapsed 00:27:30 | ETA 00:39:06

[PROGRESS] [#########...................] 2/6 models | current=Random Forest | elapsed 00:27:45 | ETA 00:39:06
[CV] END model__max_depth=20, model__max_features=0.7, model__min_samples_leaf=7, model__n_estimators=221; total time= 1.1min

[PROGRESS] [#########...................] 2/6 models | current=Random Forest | elapsed 00:28:00 | ETA 00:39:06

[PROGRESS] [#########...................] 2/6 models | current=Random Forest | elapsed 00:28:15 | ETA 00:39:06

[PROGRESS] [#########...................] 2/6 models | current=Random Forest | elapsed 00:28:30 | ETA 00:39:06

[PROGRESS] [#########...................] 2/6 models | current=Random Forest | elapsed 00:28:45 | ETA 00:39:06
[CV] END model__max_depth=20, model__max_features=0.7, model__min_samples_leaf=7, model__n_estimators=221; total time= 1.1min

[PROGRESS] [#########...................] 2/6 models | current=Random Forest | elapsed 00:29:00 | ETA 00:39:06

[PROGRESS] [#########...................] 2/6 models | current=Random Forest | elapsed 00:29:15 | ETA 00:39:06

[PROGRESS] [#########...................] 2/6 models | current=Random Forest | elapsed 00:29:30 | ETA 00:39:06

[PROGRESS] [#########...................] 2/6 models | current=Random Forest | elapsed 00:29:45 | ETA 00:39:06

[PROGRESS] [#########...................] 2/6 models | current=Random Forest | elapsed 00:30:00 | ETA 00:39:06
[CV] END model__max_depth=20, model__max_features=0.7, model__min_samples_leaf=7, model__n_estimators=221; total time= 1.1min

[PROGRESS] [#########...................] 2/6 models | current=Random Forest | elapsed 00:30:15 | ETA 00:39:06

[PROGRESS] [#########...................] 2/6 models | current=Random Forest | elapsed 00:30:30 | ETA 00:39:06

[PROGRESS] [#########...................] 2/6 models | current=Random Forest | elapsed 00:30:45 | ETA 00:39:06

[PROGRESS] [#########...................] 2/6 models | current=Random Forest | elapsed 00:31:00 | ETA 00:39:06
[CV] END model__max_depth=20, model__max_features=0.7, model__min_samples_leaf=7, model__n_estimators=221; total time= 1.1min

[PROGRESS] [#########...................] 2/6 models | current=Random Forest | elapsed 00:31:15 | ETA 00:39:06
