
started=2026-08-06T16:10:41.086825+00:00 n_iter=20 resume=True
/home/marmengol/.local/lib/python3.9/site-packages/dask/dataframe/__init__.py:42: FutureWarning: 
Dask dataframe query planning is disabled because dask-expr is not installed.

You can install it with `pip install dask[dataframe]` or `conda install dask`.
This will raise in a future version.

  warnings.warn(msg, FutureWarning)
El directorio de trabajo actual es: /home/marmengol/projects/trIAje_code
El directorio de trabajo actual es: /media/datos/datos_compartidos/trIAje/data/df_modelling
Filtering by demand_type_1 == 54
Filtering by age >= 18

Final cohort size for p1_real_emerg: 42062
Outcome distribution:  p1_real_emerg
0    28302
1    13760
Name: count, dtype: Int64 


========================================
Columns retained before train/test split: 168
Not used as model features: p1_real_emerg is the outcome; year is used with p1_real_emerg for stratification
========================================

Created fixed 80/20 stratified train/test split.
Rows=42,062 train=33,649 test=8,413 features=167
Outcome train: {0: 22641, 1: 11008} scale_pos_weight=2.0568

[PROGRESS] [............................] 0/6 models | current=Logistic Regression | elapsed 00:00:03 | ETA calculando | CV 0/200

[Logistic Regression] RandomizedSearchCV n_iter=20 scoring=roc_auc cv=10
Fitting 10 folds for each of 20 candidates, totalling 200 fits
[CV] END .....................model__C=0.0074593432857265485; total time=   0.9s
[CV] END .....................model__C=0.0074593432857265485; total time=   0.9s
[CV] END .....................model__C=0.0074593432857265485; total time=   0.9s
[CV] END .....................model__C=0.0074593432857265485; total time=   0.9s
[CV] END .....................model__C=0.0074593432857265485; total time=   0.9s
[CV] END .....................model__C=0.0074593432857265485; total time=   0.9s
[CV] END .....................model__C=0.0074593432857265485; total time=   1.0s
[CV] END .....................model__C=0.0074593432857265485; total time=   0.9s
[CV] END .....................model__C=0.0074593432857265485; total time=   0.9s
[CV] END .....................model__C=0.0074593432857265485; total time=   0.9s
[CV] END .........................model__C=5.669849511478847; total time=   0.9s
[CV] END .........................model__C=5.669849511478847; total time=   0.9s

[PROGRESS] [............................] 0/6 models | current=Logistic Regression | elapsed 00:00:15 | ETA 00:24:45 (0.80 fits/s) | CV 12/200
[CV] END .........................model__C=5.669849511478847; total time=   1.0s
[CV] END .........................model__C=5.669849511478847; total time=   1.0s
[CV] END .........................model__C=5.669849511478847; total time=   1.0s
[CV] END .........................model__C=5.669849511478847; total time=   0.9s
[CV] END .........................model__C=5.669849511478847; total time=   0.9s
[CV] END .........................model__C=5.669849511478847; total time=   0.9s
[CV] END .........................model__C=5.669849511478847; total time=   0.9s
[CV] END .........................model__C=5.669849511478847; total time=   0.9s
[CV] END ........................model__C=0.4570563099801455; total time=   0.9s
[CV] END ........................model__C=0.4570563099801455; total time=   0.9s
[CV] END ........................model__C=0.4570563099801455; total time=   1.0s
[CV] END ........................model__C=0.4570563099801455; total time=   0.9s
[CV] END ........................model__C=0.4570563099801455; total time=   0.9s
[CV] END ........................model__C=0.4570563099801455; total time=   0.9s
[CV] END ........................model__C=0.4570563099801455; total time=   0.9s
[CV] END ........................model__C=0.4570563099801455; total time=   0.9s

[PROGRESS] [............................] 0/6 models | current=Logistic Regression | elapsed 00:00:30 | ETA 00:20:55 (0.93 fits/s) | CV 28/200
[CV] END ........................model__C=0.4570563099801455; total time=   0.9s
[CV] END ........................model__C=0.4570563099801455; total time=   1.0s
[CV] END .......................model__C=0.09846738873614563; total time=   1.0s
[CV] END .......................model__C=0.09846738873614563; total time=   0.9s
[CV] END .......................model__C=0.09846738873614563; total time=   0.9s
[CV] END .......................model__C=0.09846738873614563; total time=   0.9s
[CV] END .......................model__C=0.09846738873614563; total time=   0.9s
[CV] END .......................model__C=0.09846738873614563; total time=   0.9s
[CV] END .......................model__C=0.09846738873614563; total time=   0.9s
[CV] END .......................model__C=0.09846738873614563; total time=   1.0s
[CV] END .......................model__C=0.09846738873614563; total time=   1.0s
[CV] END .......................model__C=0.09846738873614563; total time=   1.0s
[CV] END .....................model__C=0.0006026889128682511; total time=   0.9s
[CV] END .....................model__C=0.0006026889128682511; total time=   0.9s
[CV] END .....................model__C=0.0006026889128682511; total time=   0.9s
[CV] END .....................model__C=0.0006026889128682511; total time=   0.9s

[PROGRESS] [............................] 0/6 models | current=Logistic Regression | elapsed 00:00:45 | ETA 00:19:42 (0.98 fits/s) | CV 44/200
[CV] END .....................model__C=0.0006026889128682511; total time=   0.9s
[CV] END .....................model__C=0.0006026889128682511; total time=   0.9s
[CV] END .....................model__C=0.0006026889128682511; total time=   0.9s
[CV] END .....................model__C=0.0006026889128682511; total time=   0.9s
[CV] END .....................model__C=0.0006026889128682511; total time=   0.9s
[CV] END .....................model__C=0.0006026889128682511; total time=   0.9s
[CV] END ......................model__C=0.000602521573620386; total time=   0.9s
[CV] END ......................model__C=0.000602521573620386; total time=   0.9s
[CV] END ......................model__C=0.000602521573620386; total time=   0.9s
[CV] END ......................model__C=0.000602521573620386; total time=   0.9s
[CV] END ......................model__C=0.000602521573620386; total time=   0.9s
[CV] END ......................model__C=0.000602521573620386; total time=   0.9s
[CV] END ......................model__C=0.000602521573620386; total time=   0.9s
[CV] END ......................model__C=0.000602521573620386; total time=   0.9s
[CV] END ......................model__C=0.000602521573620386; total time=   0.9s
[CV] END ......................model__C=0.000602521573620386; total time=   0.9s
[CV] END ....................model__C=0.00019517224641449495; total time=   0.9s

[PROGRESS] [............................] 0/6 models | current=Logistic Regression | elapsed 00:01:00 | ETA 00:18:40 (1.02 fits/s) | CV 61/200
[CV] END ....................model__C=0.00019517224641449495; total time=   0.9s
[CV] END ....................model__C=0.00019517224641449495; total time=   0.9s
[CV] END ....................model__C=0.00019517224641449495; total time=   0.9s
[CV] END ....................model__C=0.00019517224641449495; total time=   0.9s
[CV] END ....................model__C=0.00019517224641449495; total time=   0.9s
[CV] END ....................model__C=0.00019517224641449495; total time=   0.9s
[CV] END ....................model__C=0.00019517224641449495; total time=   0.9s
[CV] END ....................model__C=0.00019517224641449495; total time=   0.9s
[CV] END ....................model__C=0.00019517224641449495; total time=   0.9s
[CV] END ........................model__C=2.1423021757741068; total time=   0.9s
[CV] END ........................model__C=2.1423021757741068; total time=   0.9s
[CV] END ........................model__C=2.1423021757741068; total time=   0.9s
[CV] END ........................model__C=2.1423021757741068; total time=   1.0s
[CV] END ........................model__C=2.1423021757741068; total time=   1.0s
[CV] END ........................model__C=2.1423021757741068; total time=   1.0s
[CV] END ........................model__C=2.1423021757741068; total time=   1.0s

[PROGRESS] [............................] 0/6 models | current=Logistic Regression | elapsed 00:01:15 | ETA 00:18:13 (1.03 fits/s) | CV 77/200
[CV] END ........................model__C=2.1423021757741068; total time=   1.0s
[CV] END ........................model__C=2.1423021757741068; total time=   1.0s
[CV] END ........................model__C=2.1423021757741068; total time=   0.9s
[CV] END .......................model__C=0.10129197956845731; total time=   0.9s
[CV] END .......................model__C=0.10129197956845731; total time=   0.9s
[CV] END .......................model__C=0.10129197956845731; total time=   0.9s
[CV] END .......................model__C=0.10129197956845731; total time=   1.0s
[CV] END .......................model__C=0.10129197956845731; total time=   1.0s
[CV] END .......................model__C=0.10129197956845731; total time=   1.0s
[CV] END .......................model__C=0.10129197956845731; total time=   1.0s
[CV] END .......................model__C=0.10129197956845731; total time=   1.0s
[CV] END .......................model__C=0.10129197956845731; total time=   0.9s
[CV] END .......................model__C=0.10129197956845731; total time=   0.9s
[CV] END ........................model__C=0.3470266988650412; total time=   1.0s
[CV] END ........................model__C=0.3470266988650412; total time=   0.9s
[CV] END ........................model__C=0.3470266988650412; total time=   1.0s

[PROGRESS] [............................] 0/6 models | current=Logistic Regression | elapsed 00:01:30 | ETA 00:17:51 (1.03 fits/s) | CV 93/200
[CV] END ........................model__C=0.3470266988650412; total time=   1.0s
[CV] END ........................model__C=0.3470266988650412; total time=   0.9s
[CV] END ........................model__C=0.3470266988650412; total time=   0.9s
[CV] END ........................model__C=0.3470266988650412; total time=   0.9s
[CV] END ........................model__C=0.3470266988650412; total time=   0.9s
[CV] END ........................model__C=0.3470266988650412; total time=   0.9s
[CV] END ........................model__C=0.3470266988650412; total time=   0.9s
[CV] END ....................model__C=0.00012674255898937226; total time=   0.9s
[CV] END ....................model__C=0.00012674255898937226; total time=   0.9s
[CV] END ....................model__C=0.00012674255898937226; total time=   0.9s
[CV] END ....................model__C=0.00012674255898937226; total time=   0.9s
[CV] END ....................model__C=0.00012674255898937226; total time=   0.9s
[CV] END ....................model__C=0.00012674255898937226; total time=   0.8s
[CV] END ....................model__C=0.00012674255898937226; total time=   0.9s
[CV] END ....................model__C=0.00012674255898937226; total time=   0.9s
[CV] END ....................model__C=0.00012674255898937226; total time=   0.9s
[CV] END ....................model__C=0.00012674255898937226; total time=   0.9s

[PROGRESS] [............................] 0/6 models | current=Logistic Regression | elapsed 00:01:45 | ETA 00:17:20 (1.05 fits/s) | CV 110/200
[CV] END .........................model__C=7.072114131472227; total time=   0.9s
[CV] END .........................model__C=7.072114131472227; total time=   0.9s
[CV] END .........................model__C=7.072114131472227; total time=   1.0s
[CV] END .........................model__C=7.072114131472227; total time=   1.0s
[CV] END .........................model__C=7.072114131472227; total time=   0.9s
[CV] END .........................model__C=7.072114131472227; total time=   0.9s
[CV] END .........................model__C=7.072114131472227; total time=   0.9s
[CV] END .........................model__C=7.072114131472227; total time=   0.9s
[CV] END .........................model__C=7.072114131472227; total time=   0.9s
[CV] END .........................model__C=7.072114131472227; total time=   1.0s
[CV] END .........................model__C=1.452824663751602; total time=   0.9s
[CV] END .........................model__C=1.452824663751602; total time=   0.9s
[CV] END .........................model__C=1.452824663751602; total time=   0.9s
[CV] END .........................model__C=1.452824663751602; total time=   0.9s
[CV] END .........................model__C=1.452824663751602; total time=   0.9s
[CV] END .........................model__C=1.452824663751602; total time=   0.9s

[PROGRESS] [............................] 0/6 models | current=Logistic Regression | elapsed 00:02:00 | ETA 00:17:02 (1.05 fits/s) | CV 126/200
[CV] END .........................model__C=1.452824663751602; total time=   0.9s
[CV] END .........................model__C=1.452824663751602; total time=   0.9s
[CV] END .........................model__C=1.452824663751602; total time=   0.9s
[CV] END .........................model__C=1.452824663751602; total time=   1.0s
[CV] END .....................model__C=0.0011526449540315614; total time=   0.9s
[CV] END .....................model__C=0.0011526449540315614; total time=   0.9s
[CV] END .....................model__C=0.0011526449540315614; total time=   0.9s
[CV] END .....................model__C=0.0011526449540315614; total time=   0.9s
[CV] END .....................model__C=0.0011526449540315614; total time=   0.9s
[CV] END .....................model__C=0.0011526449540315614; total time=   0.9s
[CV] END .....................model__C=0.0011526449540315614; total time=   0.9s
[CV] END .....................model__C=0.0011526449540315614; total time=   0.9s
[CV] END .....................model__C=0.0011526449540315614; total time=   0.9s
[CV] END .....................model__C=0.0011526449540315614; total time=   0.9s
[CV] END .....................model__C=0.0008111941985431928; total time=   0.9s
[CV] END .....................model__C=0.0008111941985431928; total time=   0.9s

[PROGRESS] [............................] 0/6 models | current=Logistic Regression | elapsed 00:02:15 | ETA 00:16:45 (1.05 fits/s) | CV 142/200
[CV] END .....................model__C=0.0008111941985431928; total time=   0.9s
[CV] END .....................model__C=0.0008111941985431928; total time=   0.9s
[CV] END .....................model__C=0.0008111941985431928; total time=   0.9s
[CV] END .....................model__C=0.0008111941985431928; total time=   0.9s
[CV] END .....................model__C=0.0008111941985431928; total time=   0.9s
[CV] END .....................model__C=0.0008111941985431928; total time=   0.9s
[CV] END .....................model__C=0.0008111941985431928; total time=   0.9s
[CV] END .....................model__C=0.0008111941985431928; total time=   0.9s
[CV] END .....................model__C=0.0008260808399079611; total time=   0.9s
[CV] END .....................model__C=0.0008260808399079611; total time=   0.9s
[CV] END .....................model__C=0.0008260808399079611; total time=   0.9s
[CV] END .....................model__C=0.0008260808399079611; total time=   0.9s
[CV] END .....................model__C=0.0008260808399079611; total time=   0.9s
[CV] END .....................model__C=0.0008260808399079611; total time=   0.9s
[CV] END .....................model__C=0.0008260808399079611; total time=   0.9s
[CV] END .....................model__C=0.0008260808399079611; total time=   0.9s

[PROGRESS] [............................] 0/6 models | current=Logistic Regression | elapsed 00:02:30 | ETA 00:16:29 (1.05 fits/s) | CV 158/200
[CV] END .....................model__C=0.0008260808399079611; total time=   0.9s
[CV] END .....................model__C=0.0008260808399079611; total time=   0.9s
[CV] END .....................model__C=0.0033205591037519565; total time=   0.9s
[CV] END .....................model__C=0.0033205591037519565; total time=   0.9s
[CV] END .....................model__C=0.0033205591037519565; total time=   0.9s
[CV] END .....................model__C=0.0033205591037519565; total time=   0.9s
[CV] END .....................model__C=0.0033205591037519565; total time=   0.9s
[CV] END .....................model__C=0.0033205591037519565; total time=   0.9s
[CV] END .....................model__C=0.0033205591037519565; total time=   0.9s
[CV] END .....................model__C=0.0033205591037519565; total time=   0.9s
[CV] END .....................model__C=0.0033205591037519565; total time=   1.0s
[CV] END .....................model__C=0.0033205591037519565; total time=   0.9s
[CV] END ......................model__C=0.042051564509138675; total time=   0.9s
[CV] END ......................model__C=0.042051564509138675; total time=   0.9s
[CV] END ......................model__C=0.042051564509138675; total time=   0.9s
[CV] END ......................model__C=0.042051564509138675; total time=   0.9s

[PROGRESS] [............................] 0/6 models | current=Logistic Regression | elapsed 00:02:45 | ETA 00:16:12 (1.05 fits/s) | CV 174/200
[CV] END ......................model__C=0.042051564509138675; total time=   0.9s
[CV] END ......................model__C=0.042051564509138675; total time=   1.0s
[CV] END ......................model__C=0.042051564509138675; total time=   1.0s
[CV] END ......................model__C=0.042051564509138675; total time=   0.9s
[CV] END ......................model__C=0.042051564509138675; total time=   1.0s
[CV] END ......................model__C=0.042051564509138675; total time=   0.9s
[CV] END .......................model__C=0.01444525102276306; total time=   0.9s
[CV] END .......................model__C=0.01444525102276306; total time=   0.9s
[CV] END .......................model__C=0.01444525102276306; total time=   0.9s
[CV] END .......................model__C=0.01444525102276306; total time=   0.9s
[CV] END .......................model__C=0.01444525102276306; total time=   0.9s
[CV] END .......................model__C=0.01444525102276306; total time=   0.9s
[CV] END .......................model__C=0.01444525102276306; total time=   0.9s
[CV] END .......................model__C=0.01444525102276306; total time=   0.9s
[CV] END .......................model__C=0.01444525102276306; total time=   0.9s
[CV] END .......................model__C=0.01444525102276306; total time=   1.0s

[PROGRESS] [............................] 0/6 models | current=Logistic Regression | elapsed 00:03:00 | ETA 00:15:56 (1.06 fits/s) | CV 190/200
[CV] END .....................model__C=0.0028585493941961923; total time=   0.9s
[CV] END .....................model__C=0.0028585493941961923; total time=   0.9s
[CV] END .....................model__C=0.0028585493941961923; total time=   0.9s
[CV] END .....................model__C=0.0028585493941961923; total time=   0.9s
[CV] END .....................model__C=0.0028585493941961923; total time=   0.9s
[CV] END .....................model__C=0.0028585493941961923; total time=   0.9s
[CV] END .....................model__C=0.0028585493941961923; total time=   0.9s
[CV] END .....................model__C=0.0028585493941961923; total time=   0.9s
[CV] END .....................model__C=0.0028585493941961923; total time=   0.9s
[CV] END .....................model__C=0.0028585493941961923; total time=   0.9s

[PROGRESS] [............................] 0/6 models | current=Logistic Regression | elapsed 00:03:15 | ETA 00:16:15 (1.03 fits/s) | CV 200/200
{
  "best_cv_f1": 0.48988957401348043,
  "best_cv_auroc": 0.6263348442689372,
  "best_params": {
    "model__C": 0.00012674255898937226
  },
  "oof_threshold": 0.4314272059574594,
  "oof_metrics": {
    "auroc": 0.626121067344897,
    "average_precision": 0.44564501452512173,
    "log_loss": 0.6697603587795763,
    "brier": 0.23854068578517854,
    "accuracy": 0.4570120954560314,
    "f1": 0.5081168394131108,
    "precision": 0.36105903508436316,
    "recall": 0.8572856104651163,
    "specificity": 0.2624000706682567,
    "tn": 5941,
    "fp": 16700,
    "fn": 1571,
    "tp": 9437
  },
  "test_metrics": {
    "auroc": 0.6218691331550428,
    "average_precision": 0.4456938339784909,
    "log_loss": 0.6704707575659601,
    "brier": 0.23892722026286664,
    "accuracy": 0.4519196481635564,
    "f1": 0.5048856437238269,
    "precision": 0.35832952293857645,
    "recall": 0.8542877906976745,
    "specificity": 0.25631513866807987,
    "tn": 1451,
    "fp": 4210,
    "fn": 401,
    "tp": 2351
  },
  "elapsed_seconds": 194.77423667907715,
  "search_history": [
    {
      "iteration": 1,
      "cv_f1": 0.4880665102167714,
      "cv_auroc": 0.6265238321480583,
      "cv_log_loss": 0.6675361574155972
    },
    {
      "iteration": 2,
      "cv_f1": 0.48815066550304975,
      "cv_auroc": 0.6263635448167834,
      "cv_log_loss": 0.6676475171231733
    },
    {
      "iteration": 3,
      "cv_f1": 0.4882066746579118,
      "cv_auroc": 0.6263661524382929,
      "cv_log_loss": 0.6676456436181796
    },
    {
      "iteration": 4,
      "cv_f1": 0.48818797981811335,
      "cv_auroc": 0.6263761029355269,
      "cv_log_loss": 0.6676382756969178
    },
    {
      "iteration": 5,
      "cv_f1": 0.4890808126270154,
      "cv_auroc": 0.6273523683508688,
      "cv_log_loss": 0.6671592654671017
    },
    {
      "iteration": 6,
      "cv_f1": 0.4890808126270154,
      "cv_auroc": 0.6273532909677926,
      "cv_log_loss": 0.6671593290541208
    },
    {
      "iteration": 7,
      "cv_f1": 0.4896253496311395,
      "cv_auroc": 0.6271704181196744,
      "cv_log_loss": 0.668528894506761
    },
    {
      "iteration": 8,
      "cv_f1": 0.48815066550304975,
      "cv_auroc": 0.6263635847688652,
      "cv_log_loss": 0.6676472463014503
    },
    {
      "iteration": 9,
      "cv_f1": 0.48818797981811335,
      "cv_auroc": 0.6263757819562703,
      "cv_log_loss": 0.6676385361288047
    },
    {
      "iteration": 10,
      "cv_f1": 0.4882066746579118,
      "cv_auroc": 0.6263676370335816,
      "cv_log_loss": 0.6676449987698373
    },
    {
      "iteration": 11,
      "cv_f1": 0.48988957401348043,
      "cv_auroc": 0.6263348442689372,
      "cv_log_loss": 0.6697605213319975
    },
    {
      "iteration": 12,
      "cv_f1": 0.48815066550304975,
      "cv_auroc": 0.6263633843094267,
      "cv_log_loss": 0.6676475497424019
    },
    {
      "iteration": 13,
      "cv_f1": 0.48815066550304975,
      "cv_auroc": 0.6263642267638491,
      "cv_log_loss": 0.6676470397970905
    },
    {
      "iteration": 14,
      "cv_f1": 0.48906927791285393,
      "cv_auroc": 0.6270820012188135,
      "cv_log_loss": 0.6672241257645679
    },
    {
      "iteration": 15,
      "cv_f1": 0.48924488428511104,
      "cv_auroc": 0.6272442061202697,
      "cv_log_loss": 0.6671848744745716
    },
    {
      "iteration": 16,
      "cv_f1": 0.48917270650679673,
      "cv_auroc": 0.6272344160306412,
      "cv_log_loss": 0.6671855451645379
    },
    {
      "iteration": 17,
      "cv_f1": 0.48805377284943513,
      "cv_auroc": 0.6266855587303898,
      "cv_log_loss": 0.6674281151254146
    },
    {
      "iteration": 18,
      "cv_f1": 0.4880417701074637,
      "cv_auroc": 0.6263978884655389,
      "cv_log_loss": 0.6676262933047451
    },
    {
      "iteration": 19,
      "cv_f1": 0.4878988610398657,
      "cv_auroc": 0.6264486816834646,
      "cv_log_loss": 0.6675879746089295
    },
    {
      "iteration": 20,
      "cv_f1": 0.48795800673310674,
      "cv_auroc": 0.6267337859808356,
      "cv_log_loss": 0.6674012014267384
    }
  ]
}

[PROGRESS] [####........................] 1/6 models | current=waiting | elapsed 00:03:18 | ETA 00:00:13 (59.97 fits/s) | CV 200/200

[PROGRESS] [####........................] 1/6 models | current=Elastic Net Logistic | elapsed 00:03:18 | ETA 00:00:13 (59.97 fits/s) | CV 200/200

[Elastic Net Logistic] RandomizedSearchCV n_iter=20 scoring=roc_auc cv=10
Fitting 10 folds for each of 20 candidates, totalling 200 fits
[CV] END model__C=0.0057537737941171915, model__l1_ratio=0.9507143064099162; total time=   2.6s
[CV] END model__C=0.0057537737941171915, model__l1_ratio=0.9507143064099162; total time=   3.1s
[CV] END model__C=0.0057537737941171915, model__l1_ratio=0.9507143064099162; total time=   2.6s
[CV] END model__C=0.0057537737941171915, model__l1_ratio=0.9507143064099162; total time=   2.5s

[PROGRESS] [####........................] 1/6 models | current=Elastic Net Logistic | elapsed 00:03:30 | ETA 01:03:14 (0.26 fits/s) | CV 4/200
[CV] END model__C=0.0057537737941171915, model__l1_ratio=0.9507143064099162; total time=   2.7s
[CV] END model__C=0.0057537737941171915, model__l1_ratio=0.9507143064099162; total time=   2.6s
[CV] END model__C=0.0057537737941171915, model__l1_ratio=0.9507143064099162; total time=   2.7s
[CV] END model__C=0.0057537737941171915, model__l1_ratio=0.9507143064099162; total time=   2.6s
[CV] END model__C=0.0057537737941171915, model__l1_ratio=0.9507143064099162; total time=   2.5s
[CV] END model__C=0.0057537737941171915, model__l1_ratio=0.9507143064099162; total time=   2.6s

[PROGRESS] [####........................] 1/6 models | current=Elastic Net Logistic | elapsed 00:03:45 | ETA 00:49:53 (0.33 fits/s) | CV 10/200
[CV] END model__C=0.27518044962720845, model__l1_ratio=0.5986584841970366; total time=  14.6s

[PROGRESS] [####........................] 1/6 models | current=Elastic Net Logistic | elapsed 00:04:00 | ETA 01:07:47 (0.24 fits/s) | CV 11/200
[CV] END model__C=0.27518044962720845, model__l1_ratio=0.5986584841970366; total time=  10.5s

[PROGRESS] [####........................] 1/6 models | current=Elastic Net Logistic | elapsed 00:04:15 | ETA 01:22:39 (0.20 fits/s) | CV 12/200
[CV] END model__C=0.27518044962720845, model__l1_ratio=0.5986584841970366; total time=   9.1s
[CV] END model__C=0.27518044962720845, model__l1_ratio=0.5986584841970366; total time=  10.3s

[PROGRESS] [####........................] 1/6 models | current=Elastic Net Logistic | elapsed 00:04:30 | ETA 01:28:19 (0.19 fits/s) | CV 14/200
[CV] END model__C=0.27518044962720845, model__l1_ratio=0.5986584841970366; total time=   7.9s

[PROGRESS] [####........................] 1/6 models | current=Elastic Net Logistic | elapsed 00:04:45 | ETA 01:38:45 (0.17 fits/s) | CV 15/200
[CV] END model__C=0.27518044962720845, model__l1_ratio=0.5986584841970366; total time=  15.3s

[PROGRESS] [####........................] 1/6 models | current=Elastic Net Logistic | elapsed 00:05:00 | ETA 01:47:52 (0.15 fits/s) | CV 16/200
[CV] END model__C=0.27518044962720845, model__l1_ratio=0.5986584841970366; total time=   9.0s
[CV] END model__C=0.27518044962720845, model__l1_ratio=0.5986584841970366; total time=   7.2s

[PROGRESS] [####........................] 1/6 models | current=Elastic Net Logistic | elapsed 00:05:15 | ETA 01:49:19 (0.15 fits/s) | CV 18/200
[CV] END model__C=0.27518044962720845, model__l1_ratio=0.5986584841970366; total time=  11.9s
[CV] END model__C=0.27518044962720845, model__l1_ratio=0.5986584841970366; total time=   9.3s

[PROGRESS] [####........................] 1/6 models | current=Elastic Net Logistic | elapsed 00:05:30 | ETA 01:50:26 (0.15 fits/s) | CV 20/200
[CV] END model__C=0.0005409123677836541, model__l1_ratio=0.15599452033620265; total time=   2.4s
[CV] END model__C=0.0005409123677836541, model__l1_ratio=0.15599452033620265; total time=   2.5s
[CV] END model__C=0.0005409123677836541, model__l1_ratio=0.15599452033620265; total time=   2.5s
[CV] END model__C=0.0005409123677836541, model__l1_ratio=0.15599452033620265; total time=   2.5s
[CV] END model__C=0.0005409123677836541, model__l1_ratio=0.15599452033620265; total time=   2.5s
[CV] END model__C=0.0005409123677836541, model__l1_ratio=0.15599452033620265; total time=   2.7s

[PROGRESS] [####........................] 1/6 models | current=Elastic Net Logistic | elapsed 00:05:45 | ETA 01:33:48 (0.17 fits/s) | CV 26/200
[CV] END model__C=0.0005409123677836541, model__l1_ratio=0.15599452033620265; total time=   2.6s
[CV] END model__C=0.0005409123677836541, model__l1_ratio=0.15599452033620265; total time=   2.5s
[CV] END model__C=0.0005409123677836541, model__l1_ratio=0.15599452033620265; total time=   2.3s
[CV] END model__C=0.0005409123677836541, model__l1_ratio=0.15599452033620265; total time=   2.5s
[CV] END model__C=0.00018747059221802545, model__l1_ratio=0.8661761457749352; total time=   1.7s
[CV] END model__C=0.00018747059221802545, model__l1_ratio=0.8661761457749352; total time=   1.7s
[CV] END model__C=0.00018747059221802545, model__l1_ratio=0.8661761457749352; total time=   1.7s

[PROGRESS] [####........................] 1/6 models | current=Elastic Net Logistic | elapsed 00:06:00 | ETA 01:20:42 (0.20 fits/s) | CV 33/200
[CV] END model__C=0.00018747059221802545, model__l1_ratio=0.8661761457749352; total time=   1.7s
[CV] END model__C=0.00018747059221802545, model__l1_ratio=0.8661761457749352; total time=   1.7s
[CV] END model__C=0.00018747059221802545, model__l1_ratio=0.8661761457749352; total time=   1.7s
[CV] END model__C=0.00018747059221802545, model__l1_ratio=0.8661761457749352; total time=   1.7s
[CV] END model__C=0.00018747059221802545, model__l1_ratio=0.8661761457749352; total time=   1.6s
[CV] END model__C=0.00018747059221802545, model__l1_ratio=0.8661761457749352; total time=   1.6s
[CV] END model__C=0.00018747059221802545, model__l1_ratio=0.8661761457749352; total time=   1.6s

[PROGRESS] [####........................] 1/6 models | current=Elastic Net Logistic | elapsed 00:06:15 | ETA 01:12:05 (0.22 fits/s) | CV 40/200
[CV] END model__C=0.0667761551174708, model__l1_ratio=0.7080725777960455; total time=   5.7s
[CV] END model__C=0.0667761551174708, model__l1_ratio=0.7080725777960455; total time=   5.7s
[CV] END model__C=0.0667761551174708, model__l1_ratio=0.7080725777960455; total time=   3.2s

[PROGRESS] [####........................] 1/6 models | current=Elastic Net Logistic | elapsed 00:06:30 | ETA 01:12:25 (0.22 fits/s) | CV 43/200
[CV] END model__C=0.0667761551174708, model__l1_ratio=0.7080725777960455; total time=   4.9s
[CV] END model__C=0.0667761551174708, model__l1_ratio=0.7080725777960455; total time=   7.4s
[CV] END model__C=0.0667761551174708, model__l1_ratio=0.7080725777960455; total time=   6.8s

[PROGRESS] [####........................] 1/6 models | current=Elastic Net Logistic | elapsed 00:06:45 | ETA 01:12:40 (0.22 fits/s) | CV 46/200
[CV] END model__C=0.0667761551174708, model__l1_ratio=0.7080725777960455; total time=   2.7s
[CV] END model__C=0.0667761551174708, model__l1_ratio=0.7080725777960455; total time=   8.7s

[PROGRESS] [####........................] 1/6 models | current=Elastic Net Logistic | elapsed 00:07:00 | ETA 01:14:27 (0.21 fits/s) | CV 48/200
[CV] END model__C=0.0667761551174708, model__l1_ratio=0.7080725777960455; total time=   9.9s
[CV] END model__C=0.0667761551174708, model__l1_ratio=0.7080725777960455; total time=   8.3s

[PROGRESS] [####........................] 1/6 models | current=Elastic Net Logistic | elapsed 00:07:15 | ETA 01:16:04 (0.21 fits/s) | CV 50/200
[CV] END model__C=0.00012494702536130708, model__l1_ratio=0.9699098521619943; total time=   1.7s
[CV] END model__C=0.00012494702536130708, model__l1_ratio=0.9699098521619943; total time=   1.7s
[CV] END model__C=0.00012494702536130708, model__l1_ratio=0.9699098521619943; total time=   1.4s
[CV] END model__C=0.00012494702536130708, model__l1_ratio=0.9699098521619943; total time=   1.7s
[CV] END model__C=0.00012494702536130708, model__l1_ratio=0.9699098521619943; total time=   1.7s
[CV] END model__C=0.00012494702536130708, model__l1_ratio=0.9699098521619943; total time=   1.7s
[CV] END model__C=0.00012494702536130708, model__l1_ratio=0.9699098521619943; total time=   1.3s
[CV] END model__C=0.00012494702536130708, model__l1_ratio=0.9699098521619943; total time=   1.4s
[CV] END model__C=0.00012494702536130708, model__l1_ratio=0.9699098521619943; total time=   1.7s
[CV] END model__C=0.00012494702536130708, model__l1_ratio=0.9699098521619943; total time=   1.2s

[PROGRESS] [####........................] 1/6 models | current=Elastic Net Logistic | elapsed 00:07:30 | ETA 01:06:38 (0.24 fits/s) | CV 60/200
[CV] END model__C=0.8158738235092007, model__l1_ratio=0.21233911067827616; total time=   9.2s

[PROGRESS] [####........................] 1/6 models | current=Elastic Net Logistic | elapsed 00:07:45 | ETA 01:09:20 (0.23 fits/s) | CV 61/200
[CV] END model__C=0.8158738235092007, model__l1_ratio=0.21233911067827616; total time=   9.3s
[CV] END model__C=0.8158738235092007, model__l1_ratio=0.21233911067827616; total time=   6.6s

[PROGRESS] [####........................] 1/6 models | current=Elastic Net Logistic | elapsed 00:08:00 | ETA 01:10:42 (0.22 fits/s) | CV 63/200
[CV] END model__C=0.8158738235092007, model__l1_ratio=0.21233911067827616; total time=   8.4s
[CV] END model__C=0.8158738235092007, model__l1_ratio=0.21233911067827616; total time=   8.2s

[PROGRESS] [####........................] 1/6 models | current=Elastic Net Logistic | elapsed 00:08:15 | ETA 01:11:58 (0.22 fits/s) | CV 65/200
[CV] END model__C=0.8158738235092007, model__l1_ratio=0.21233911067827616; total time=   8.8s

[PROGRESS] [####........................] 1/6 models | current=Elastic Net Logistic | elapsed 00:08:30 | ETA 01:14:21 (0.21 fits/s) | CV 66/200
[CV] END model__C=0.8158738235092007, model__l1_ratio=0.21233911067827616; total time=  10.4s
[CV] END model__C=0.8158738235092007, model__l1_ratio=0.21233911067827616; total time=   8.9s
[CV] END model__C=0.8158738235092007, model__l1_ratio=0.21233911067827616; total time=   5.0s

[PROGRESS] [####........................] 1/6 models | current=Elastic Net Logistic | elapsed 00:08:45 | ETA 01:14:15 (0.21 fits/s) | CV 69/200
[CV] END model__C=0.8158738235092007, model__l1_ratio=0.21233911067827616; total time=   6.6s
[CV] END model__C=0.0007151383480402494, model__l1_ratio=0.18340450985343382; total time=   2.5s
[CV] END model__C=0.0007151383480402494, model__l1_ratio=0.18340450985343382; total time=   2.5s
[CV] END model__C=0.0007151383480402494, model__l1_ratio=0.18340450985343382; total time=   2.5s

[PROGRESS] [####........................] 1/6 models | current=Elastic Net Logistic | elapsed 00:09:00 | ETA 01:13:04 (0.21 fits/s) | CV 73/200
[CV] END model__C=0.0007151383480402494, model__l1_ratio=0.18340450985343382; total time=   2.4s
[CV] END model__C=0.0007151383480402494, model__l1_ratio=0.18340450985343382; total time=   2.5s
[CV] END model__C=0.0007151383480402494, model__l1_ratio=0.18340450985343382; total time=   2.6s
[CV] END model__C=0.0007151383480402494, model__l1_ratio=0.18340450985343382; total time=   2.6s
[CV] END model__C=0.0007151383480402494, model__l1_ratio=0.18340450985343382; total time=   2.5s
[CV] END model__C=0.0007151383480402494, model__l1_ratio=0.18340450985343382; total time=   2.5s

[PROGRESS] [####........................] 1/6 models | current=Elastic Net Logistic | elapsed 00:09:15 | ETA 01:09:59 (0.22 fits/s) | CV 79/200
[CV] END model__C=0.0007151383480402494, model__l1_ratio=0.18340450985343382; total time=   2.5s
[CV] END model__C=0.0026892128247368906, model__l1_ratio=0.5247564316322378; total time=   2.6s
[CV] END model__C=0.0026892128247368906, model__l1_ratio=0.5247564316322378; total time=   2.5s
[CV] END model__C=0.0026892128247368906, model__l1_ratio=0.5247564316322378; total time=   2.5s
[CV] END model__C=0.0026892128247368906, model__l1_ratio=0.5247564316322378; total time=   2.5s
[CV] END model__C=0.0026892128247368906, model__l1_ratio=0.5247564316322378; total time=   2.5s

[PROGRESS] [####........................] 1/6 models | current=Elastic Net Logistic | elapsed 00:09:30 | ETA 01:07:19 (0.23 fits/s) | CV 85/200
[CV] END model__C=0.0026892128247368906, model__l1_ratio=0.5247564316322378; total time=   2.6s
[CV] END model__C=0.0026892128247368906, model__l1_ratio=0.5247564316322378; total time=   2.6s
[CV] END model__C=0.0026892128247368906, model__l1_ratio=0.5247564316322378; total time=   2.5s
[CV] END model__C=0.0026892128247368906, model__l1_ratio=0.5247564316322378; total time=   2.5s
[CV] END model__C=0.0026892128247368906, model__l1_ratio=0.5247564316322378; total time=   2.5s
[CV] END model__C=0.010707712109770782, model__l1_ratio=0.2912291401980419; total time=   2.9s

[PROGRESS] [####........................] 1/6 models | current=Elastic Net Logistic | elapsed 00:09:45 | ETA 01:04:58 (0.23 fits/s) | CV 91/200
[CV] END model__C=0.010707712109770782, model__l1_ratio=0.2912291401980419; total time=   2.7s
[CV] END model__C=0.010707712109770782, model__l1_ratio=0.2912291401980419; total time=   2.7s
[CV] END model__C=0.010707712109770782, model__l1_ratio=0.2912291401980419; total time=   2.6s
[CV] END model__C=0.010707712109770782, model__l1_ratio=0.2912291401980419; total time=   2.7s
[CV] END model__C=0.010707712109770782, model__l1_ratio=0.2912291401980419; total time=   2.7s

[PROGRESS] [####........................] 1/6 models | current=Elastic Net Logistic | elapsed 00:10:00 | ETA 01:03:36 (0.24 fits/s) | CV 96/200
[CV] END model__C=0.010707712109770782, model__l1_ratio=0.2912291401980419; total time=   2.7s
[CV] END model__C=0.010707712109770782, model__l1_ratio=0.2912291401980419; total time=   2.7s
[CV] END model__C=0.010707712109770782, model__l1_ratio=0.2912291401980419; total time=   2.6s
[CV] END model__C=0.010707712109770782, model__l1_ratio=0.2912291401980419; total time=   2.6s

[PROGRESS] [####........................] 1/6 models | current=Elastic Net Logistic | elapsed 00:10:15 | ETA 01:03:02 (0.24 fits/s) | CV 100/200
[CV] END model__C=0.07500295933641415, model__l1_ratio=0.13949386065204183; total time=  10.5s
[CV] END model__C=0.07500295933641415, model__l1_ratio=0.13949386065204183; total time=   9.6s

[PROGRESS] [####........................] 1/6 models | current=Elastic Net Logistic | elapsed 00:10:30 | ETA 01:03:51 (0.23 fits/s) | CV 102/200
[CV] END model__C=0.07500295933641415, model__l1_ratio=0.13949386065204183; total time=  10.1s

[PROGRESS] [####........................] 1/6 models | current=Elastic Net Logistic | elapsed 00:10:45 | ETA 01:05:21 (0.23 fits/s) | CV 103/200
[CV] END model__C=0.07500295933641415, model__l1_ratio=0.13949386065204183; total time=  10.2s
[CV] END model__C=0.07500295933641415, model__l1_ratio=0.13949386065204183; total time=  10.1s

[PROGRESS] [####........................] 1/6 models | current=Elastic Net Logistic | elapsed 00:11:00 | ETA 01:06:05 (0.23 fits/s) | CV 105/200
[CV] END model__C=0.07500295933641415, model__l1_ratio=0.13949386065204183; total time=  10.0s

[PROGRESS] [####........................] 1/6 models | current=Elastic Net Logistic | elapsed 00:11:15 | ETA 01:07:30 (0.22 fits/s) | CV 106/200
[CV] END model__C=0.07500295933641415, model__l1_ratio=0.13949386065204183; total time=  10.4s
[CV] END model__C=0.07500295933641415, model__l1_ratio=0.13949386065204183; total time=  10.7s

[PROGRESS] [####........................] 1/6 models | current=Elastic Net Logistic | elapsed 00:11:30 | ETA 01:08:10 (0.22 fits/s) | CV 108/200
[CV] END model__C=0.07500295933641415, model__l1_ratio=0.13949386065204183; total time=  10.3s

[PROGRESS] [####........................] 1/6 models | current=Elastic Net Logistic | elapsed 00:11:45 | ETA 01:09:30 (0.21 fits/s) | CV 109/200
[CV] END model__C=0.07500295933641415, model__l1_ratio=0.13949386065204183; total time=   9.6s
[CV] END model__C=0.002359277035307129, model__l1_ratio=0.3663618432936917; total time=   2.6s
[CV] END model__C=0.002359277035307129, model__l1_ratio=0.3663618432936917; total time=   2.5s
[CV] END model__C=0.002359277035307129, model__l1_ratio=0.3663618432936917; total time=   2.6s
[CV] END model__C=0.002359277035307129, model__l1_ratio=0.3663618432936917; total time=   2.5s

[PROGRESS] [####........................] 1/6 models | current=Elastic Net Logistic | elapsed 00:12:00 | ETA 01:08:02 (0.22 fits/s) | CV 114/200
[CV] END model__C=0.002359277035307129, model__l1_ratio=0.3663618432936917; total time=   2.4s
[CV] END model__C=0.002359277035307129, model__l1_ratio=0.3663618432936917; total time=   2.6s
[CV] END model__C=0.002359277035307129, model__l1_ratio=0.3663618432936917; total time=   2.6s
[CV] END model__C=0.002359277035307129, model__l1_ratio=0.3663618432936917; total time=   2.4s
[CV] END model__C=0.002359277035307129, model__l1_ratio=0.3663618432936917; total time=   2.5s
[CV] END model__C=0.002359277035307129, model__l1_ratio=0.3663618432936917; total time=   2.5s

[PROGRESS] [####........................] 1/6 models | current=Elastic Net Logistic | elapsed 00:12:15 | ETA 01:06:01 (0.22 fits/s) | CV 120/200
[CV] END model__C=0.013901420350545918, model__l1_ratio=0.7851759613930136; total time=   2.6s
[CV] END model__C=0.013901420350545918, model__l1_ratio=0.7851759613930136; total time=   2.9s
[CV] END model__C=0.013901420350545918, model__l1_ratio=0.7851759613930136; total time=   2.8s
[CV] END model__C=0.013901420350545918, model__l1_ratio=0.7851759613930136; total time=   2.6s
[CV] END model__C=0.013901420350545918, model__l1_ratio=0.7851759613930136; total time=   2.7s

[PROGRESS] [####........................] 1/6 models | current=Elastic Net Logistic | elapsed 00:12:30 | ETA 01:04:46 (0.23 fits/s) | CV 125/200
[CV] END model__C=0.013901420350545918, model__l1_ratio=0.7851759613930136; total time=   2.6s
[CV] END model__C=0.013901420350545918, model__l1_ratio=0.7851759613930136; total time=   2.7s
[CV] END model__C=0.013901420350545918, model__l1_ratio=0.7851759613930136; total time=   2.7s
[CV] END model__C=0.013901420350545918, model__l1_ratio=0.7851759613930136; total time=   2.7s
[CV] END model__C=0.013901420350545918, model__l1_ratio=0.7851759613930136; total time=   2.6s
[CV] END model__C=0.0008674832802525459, model__l1_ratio=0.5142344384136116; total time=   2.3s

[PROGRESS] [####........................] 1/6 models | current=Elastic Net Logistic | elapsed 00:12:45 | ETA 01:03:02 (0.23 fits/s) | CV 131/200
[CV] END model__C=0.0008674832802525459, model__l1_ratio=0.5142344384136116; total time=   2.3s
[CV] END model__C=0.0008674832802525459, model__l1_ratio=0.5142344384136116; total time=   2.2s
[CV] END model__C=0.0008674832802525459, model__l1_ratio=0.5142344384136116; total time=   2.4s
[CV] END model__C=0.0008674832802525459, model__l1_ratio=0.5142344384136116; total time=   2.3s
[CV] END model__C=0.0008674832802525459, model__l1_ratio=0.5142344384136116; total time=   2.4s
[CV] END model__C=0.0008674832802525459, model__l1_ratio=0.5142344384136116; total time=   2.4s
[CV] END model__C=0.0008674832802525459, model__l1_ratio=0.5142344384136116; total time=   2.3s

[PROGRESS] [####........................] 1/6 models | current=Elastic Net Logistic | elapsed 00:13:00 | ETA 01:00:55 (0.24 fits/s) | CV 138/200
[CV] END model__C=0.0008674832802525459, model__l1_ratio=0.5142344384136116; total time=   2.4s
[CV] END model__C=0.0008674832802525459, model__l1_ratio=0.5142344384136116; total time=   2.4s
[CV] END model__C=0.06077686426194464, model__l1_ratio=0.046450412719997725; total time=   5.1s
[CV] END model__C=0.06077686426194464, model__l1_ratio=0.046450412719997725; total time=   5.2s

[PROGRESS] [####........................] 1/6 models | current=Elastic Net Logistic | elapsed 00:13:15 | ETA 01:00:26 (0.24 fits/s) | CV 142/200
[CV] END model__C=0.06077686426194464, model__l1_ratio=0.046450412719997725; total time=   3.5s
[CV] END model__C=0.06077686426194464, model__l1_ratio=0.046450412719997725; total time=   4.5s
[CV] END model__C=0.06077686426194464, model__l1_ratio=0.046450412719997725; total time=   4.5s

[PROGRESS] [####........................] 1/6 models | current=Elastic Net Logistic | elapsed 00:13:30 | ETA 01:00:27 (0.24 fits/s) | CV 145/200
[CV] END model__C=0.06077686426194464, model__l1_ratio=0.046450412719997725; total time=   4.9s
[CV] END model__C=0.06077686426194464, model__l1_ratio=0.046450412719997725; total time=   6.3s
[CV] END model__C=0.06077686426194464, model__l1_ratio=0.046450412719997725; total time=   4.9s

[PROGRESS] [####........................] 1/6 models | current=Elastic Net Logistic | elapsed 00:13:45 | ETA 01:00:28 (0.23 fits/s) | CV 148/200
[CV] END model__C=0.06077686426194464, model__l1_ratio=0.046450412719997725; total time=   3.6s
[CV] END model__C=0.06077686426194464, model__l1_ratio=0.046450412719997725; total time=   3.7s

[PROGRESS] [####........................] 1/6 models | current=Elastic Net Logistic | elapsed 00:14:00 | ETA 01:00:56 (0.23 fits/s) | CV 150/200
[CV] END model__C=0.07158714383119803, model__l1_ratio=0.17052412368729153; total time=  12.0s
[CV] END model__C=0.07158714383119803, model__l1_ratio=0.17052412368729153; total time=  10.9s

[PROGRESS] [####........................] 1/6 models | current=Elastic Net Logistic | elapsed 00:14:15 | ETA 01:01:23 (0.23 fits/s) | CV 152/200
[CV] END model__C=0.07158714383119803, model__l1_ratio=0.17052412368729153; total time=  11.4s

[PROGRESS] [####........................] 1/6 models | current=Elastic Net Logistic | elapsed 00:14:30 | ETA 01:02:18 (0.23 fits/s) | CV 153/200
[CV] END model__C=0.07158714383119803, model__l1_ratio=0.17052412368729153; total time=  11.5s

[PROGRESS] [####........................] 1/6 models | current=Elastic Net Logistic | elapsed 00:14:45 | ETA 01:03:11 (0.22 fits/s) | CV 154/200
[CV] END model__C=0.07158714383119803, model__l1_ratio=0.17052412368729153; total time=  11.4s
[CV] END model__C=0.07158714383119803, model__l1_ratio=0.17052412368729153; total time=  11.1s

[PROGRESS] [####........................] 1/6 models | current=Elastic Net Logistic | elapsed 00:15:00 | ETA 01:03:35 (0.22 fits/s) | CV 156/200
[CV] END model__C=0.07158714383119803, model__l1_ratio=0.17052412368729153; total time=  11.8s

[PROGRESS] [####........................] 1/6 models | current=Elastic Net Logistic | elapsed 00:15:15 | ETA 01:04:27 (0.22 fits/s) | CV 157/200
[CV] END model__C=0.07158714383119803, model__l1_ratio=0.17052412368729153; total time=  11.8s

[PROGRESS] [####........................] 1/6 models | current=Elastic Net Logistic | elapsed 00:15:30 | ETA 01:05:18 (0.21 fits/s) | CV 158/200
[CV] END model__C=0.07158714383119803, model__l1_ratio=0.17052412368729153; total time=  11.6s

[PROGRESS] [####........................] 1/6 models | current=Elastic Net Logistic | elapsed 00:15:45 | ETA 01:06:08 (0.21 fits/s) | CV 159/200
[CV] END model__C=0.07158714383119803, model__l1_ratio=0.17052412368729153; total time=  10.9s
[CV] END model__C=0.00020215080921812391, model__l1_ratio=0.9488855372533332; total time=   1.7s
[CV] END model__C=0.00020215080921812391, model__l1_ratio=0.9488855372533332; total time=   1.7s
[CV] END model__C=0.00020215080921812391, model__l1_ratio=0.9488855372533332; total time=   1.7s
[CV] END model__C=0.00020215080921812391, model__l1_ratio=0.9488855372533332; total time=   1.7s
[CV] END model__C=0.00020215080921812391, model__l1_ratio=0.9488855372533332; total time=   1.7s
[CV] END model__C=0.00020215080921812391, model__l1_ratio=0.9488855372533332; total time=   1.7s
[CV] END model__C=0.00020215080921812391, model__l1_ratio=0.9488855372533332; total time=   1.7s
[CV] END model__C=0.00020215080921812391, model__l1_ratio=0.9488855372533332; total time=   1.7s

[PROGRESS] [####........................] 1/6 models | current=Elastic Net Logistic | elapsed 00:16:00 | ETA 01:03:09 (0.22 fits/s) | CV 168/200
[CV] END model__C=0.00020215080921812391, model__l1_ratio=0.9488855372533332; total time=   1.7s
[CV] END model__C=0.00020215080921812391, model__l1_ratio=0.9488855372533332; total time=   1.6s
[CV] END model__C=3.447275228705856, model__l1_ratio=0.8083973481164611; total time=   9.4s

[PROGRESS] [####........................] 1/6 models | current=Elastic Net Logistic | elapsed 00:16:15 | ETA 01:03:02 (0.22 fits/s) | CV 171/200
[CV] END model__C=3.447275228705856, model__l1_ratio=0.8083973481164611; total time=   9.6s
[CV] END model__C=3.447275228705856, model__l1_ratio=0.8083973481164611; total time=   6.9s

[PROGRESS] [####........................] 1/6 models | current=Elastic Net Logistic | elapsed 00:16:30 | ETA 01:03:21 (0.22 fits/s) | CV 173/200
[CV] END model__C=3.447275228705856, model__l1_ratio=0.8083973481164611; total time=   8.5s
[CV] END model__C=3.447275228705856, model__l1_ratio=0.8083973481164611; total time=   8.5s

[PROGRESS] [####........................] 1/6 models | current=Elastic Net Logistic | elapsed 00:16:45 | ETA 01:03:39 (0.22 fits/s) | CV 175/200
[CV] END model__C=3.447275228705856, model__l1_ratio=0.8083973481164611; total time=   9.1s

[PROGRESS] [####........................] 1/6 models | current=Elastic Net Logistic | elapsed 00:17:00 | ETA 01:04:23 (0.21 fits/s) | CV 176/200
[CV] END model__C=3.447275228705856, model__l1_ratio=0.8083973481164611; total time=  10.7s
[CV] END model__C=3.447275228705856, model__l1_ratio=0.8083973481164611; total time=   8.9s

[PROGRESS] [####........................] 1/6 models | current=Elastic Net Logistic | elapsed 00:17:15 | ETA 01:04:40 (0.21 fits/s) | CV 178/200
[CV] END model__C=3.447275228705856, model__l1_ratio=0.8083973481164611; total time=   5.1s
[CV] END model__C=3.447275228705856, model__l1_ratio=0.8083973481164611; total time=   6.8s
[CV] END model__C=0.0027000447632122603, model__l1_ratio=0.09767211400638387; total time=   2.4s

[PROGRESS] [####........................] 1/6 models | current=Elastic Net Logistic | elapsed 00:17:30 | ETA 01:04:29 (0.21 fits/s) | CV 181/200
[CV] END model__C=0.0027000447632122603, model__l1_ratio=0.09767211400638387; total time=   2.5s
[CV] END model__C=0.0027000447632122603, model__l1_ratio=0.09767211400638387; total time=   2.7s
[CV] END model__C=0.0027000447632122603, model__l1_ratio=0.09767211400638387; total time=   2.6s
[CV] END model__C=0.0027000447632122603, model__l1_ratio=0.09767211400638387; total time=   2.6s
[CV] END model__C=0.0027000447632122603, model__l1_ratio=0.09767211400638387; total time=   2.6s
[CV] END model__C=0.0027000447632122603, model__l1_ratio=0.09767211400638387; total time=   2.7s

[PROGRESS] [####........................] 1/6 models | current=Elastic Net Logistic | elapsed 00:17:45 | ETA 01:03:03 (0.21 fits/s) | CV 187/200
[CV] END model__C=0.0027000447632122603, model__l1_ratio=0.09767211400638387; total time=   2.7s
[CV] END model__C=0.0027000447632122603, model__l1_ratio=0.09767211400638387; total time=   2.5s
[CV] END model__C=0.0027000447632122603, model__l1_ratio=0.09767211400638387; total time=   2.6s

[PROGRESS] [####........................] 1/6 models | current=Elastic Net Logistic | elapsed 00:18:00 | ETA 01:02:54 (0.21 fits/s) | CV 190/200
[CV] END model__C=0.1641309440776004, model__l1_ratio=0.4401524937396013; total time=  14.4s

[PROGRESS] [####........................] 1/6 models | current=Elastic Net Logistic | elapsed 00:18:15 | ETA 01:03:33 (0.21 fits/s) | CV 191/200
[CV] END model__C=0.1641309440776004, model__l1_ratio=0.4401524937396013; total time=   9.8s
[CV] END model__C=0.1641309440776004, model__l1_ratio=0.4401524937396013; total time=   8.1s

[PROGRESS] [####........................] 1/6 models | current=Elastic Net Logistic | elapsed 00:18:30 | ETA 01:03:47 (0.21 fits/s) | CV 193/200
[CV] END model__C=0.1641309440776004, model__l1_ratio=0.4401524937396013; total time=   9.4s
[CV] END model__C=0.1641309440776004, model__l1_ratio=0.4401524937396013; total time=   7.2s

[PROGRESS] [####........................] 1/6 models | current=Elastic Net Logistic | elapsed 00:18:45 | ETA 01:04:00 (0.21 fits/s) | CV 195/200
[CV] END model__C=0.1641309440776004, model__l1_ratio=0.4401524937396013; total time=  14.9s

[PROGRESS] [####........................] 1/6 models | current=Elastic Net Logistic | elapsed 00:19:00 | ETA 01:04:37 (0.21 fits/s) | CV 196/200
[CV] END model__C=0.1641309440776004, model__l1_ratio=0.4401524937396013; total time=   8.1s
[CV] END model__C=0.1641309440776004, model__l1_ratio=0.4401524937396013; total time=   6.3s

[PROGRESS] [####........................] 1/6 models | current=Elastic Net Logistic | elapsed 00:19:15 | ETA 01:04:49 (0.21 fits/s) | CV 198/200
[CV] END model__C=0.1641309440776004, model__l1_ratio=0.4401524937396013; total time=  11.2s
[CV] END model__C=0.1641309440776004, model__l1_ratio=0.4401524937396013; total time=   8.5s

[PROGRESS] [####........................] 1/6 models | current=Elastic Net Logistic | elapsed 00:19:30 | ETA 01:05:01 (0.21 fits/s) | CV 200/200

[PROGRESS] [####........................] 1/6 models | current=Elastic Net Logistic | elapsed 00:19:45 | ETA 01:06:01 (0.20 fits/s) | CV 200/200
{
  "best_cv_f1": 0.49172722225177445,
  "best_cv_auroc": 0.6043368417853079,
  "best_params": {
    "model__C": 0.0008674832802525459,
    "model__l1_ratio": 0.5142344384136116
  },
  "oof_threshold": 0.4554510549690362,
  "oof_metrics": {
    "auroc": 0.6023834655859457,
    "average_precision": 0.4207235515677929,
    "log_loss": 0.680214807413116,
    "brier": 0.24359390408618323,
    "accuracy": 0.442152812862195,
    "f1": 0.501791543912732,
    "precision": 0.35445648505755745,
    "recall": 0.8587390988372093,
    "specificity": 0.239609557881719,
    "tn": 5425,
    "fp": 17216,
    "fn": 1555,
    "tp": 9453
  },
  "test_metrics": {
    "auroc": 0.6000594579702823,
    "average_precision": 0.42049469058210476,
    "log_loss": 0.6797184989849496,
    "brier": 0.24335815301010627,
    "accuracy": 0.44835373826221325,
    "f1": 0.4990825688073395,
    "precision": 0.3549823430062951,
    "recall": 0.8401162790697675,
    "specificity": 0.25790496378731675,
    "tn": 1460,
    "fp": 4201,
    "fn": 440,
    "tp": 2312
  },
  "elapsed_seconds": 996.8344790935516,
  "search_history": [
    {
      "iteration": 1,
      "cv_f1": 0.489756350657646,
      "cv_auroc": 0.6253454217475387,
      "cv_log_loss": 0.6691424021932619
    },
    {
      "iteration": 2,
      "cv_f1": 0.4883940948359192,
      "cv_auroc": 0.6264861080786526,
      "cv_log_loss": 0.6675686045758557
    },
    {
      "iteration": 3,
      "cv_f1": 0.4903440097057098,
      "cv_auroc": 0.6186693989649006,
      "cv_log_loss": 0.6736279115705075
    },
    {
      "iteration": 4,
      "cv_f1": 0.09861173309449171,
      "cv_auroc": 0.5,
      "cv_log_loss": 0.69303746106437
    },
    {
      "iteration": 5,
      "cv_f1": 0.4886039856782104,
      "cv_auroc": 0.6269164002459171,
      "cv_log_loss": 0.6673334458150487
    },
    {
      "iteration": 6,
      "cv_f1": 0.09858902066910966,
      "cv_auroc": 0.5,
      "cv_log_loss": 0.6929677974952044
    },
    {
      "iteration": 7,
      "cv_f1": 0.48819186492775096,
      "cv_auroc": 0.626368958541227,
      "cv_log_loss": 0.6676325807317429
    },
    {
      "iteration": 8,
      "cv_f1": 0.4898088910812433,
      "cv_auroc": 0.6201013313660984,
      "cv_log_loss": 0.6725639243942838
    },
    {
      "iteration": 9,
      "cv_f1": 0.4901842635756776,
      "cv_auroc": 0.6236878517873722,
      "cv_log_loss": 0.6701350764725356
    },
    {
      "iteration": 10,
      "cv_f1": 0.48936715338030445,
      "cv_auroc": 0.6276226440136496,
      "cv_log_loss": 0.6670472927026021
    },
    {
      "iteration": 11,
      "cv_f1": 0.48837638236936814,
      "cv_auroc": 0.6264812547111996,
      "cv_log_loss": 0.6675699169891308
    },
    {
      "iteration": 12,
      "cv_f1": 0.48968033290917357,
      "cv_auroc": 0.6258279025309618,
      "cv_log_loss": 0.6690241072892054
    },
    {
      "iteration": 13,
      "cv_f1": 0.49054438334476724,
      "cv_auroc": 0.6281111970163804,
      "cv_log_loss": 0.6670315047714637
    },
    {
      "iteration": 14,
      "cv_f1": 0.49172722225177445,
      "cv_auroc": 0.6043368417853079,
      "cv_log_loss": 0.6802148844793791
    },
    {
      "iteration": 15,
      "cv_f1": 0.48846649927278574,
      "cv_auroc": 0.6264265315582864,
      "cv_log_loss": 0.6676021354636971
    },
    {
      "iteration": 16,
      "cv_f1": 0.48830292168267697,
      "cv_auroc": 0.6265078123895284,
      "cv_log_loss": 0.6675532154844497
    },
    {
      "iteration": 17,
      "cv_f1": 0.09861173309449171,
      "cv_auroc": 0.5,
      "cv_log_loss": 0.6930374602475592
    },
    {
      "iteration": 18,
      "cv_f1": 0.4881184973562176,
      "cv_auroc": 0.6263651475380144,
      "cv_log_loss": 0.6676343201538832
    },
    {
      "iteration": 19,
      "cv_f1": 0.4889526331659762,
      "cv_auroc": 0.6280102881517922,
      "cv_log_loss": 0.6669781952284819
    },
    {
      "iteration": 20,
      "cv_f1": 0.4882466333006583,
      "cv_auroc": 0.6265130681965152,
      "cv_log_loss": 0.6675507335893893
    }
  ]
}

[PROGRESS] [#########...................] 2/6 models | current=waiting | elapsed 00:19:54 | ETA 00:00:10 (59.64 fits/s) | CV 200/200

[PROGRESS] [#########...................] 2/6 models | current=Random Forest | elapsed 00:19:54 | ETA 00:00:10 (59.63 fits/s) | CV 200/200

[Random Forest] RandomizedSearchCV n_iter=20 scoring=roc_auc cv=10
Fitting 10 folds for each of 20 candidates, totalling 200 fits

[PROGRESS] [#########...................] 2/6 models | current=Random Forest | elapsed 00:20:00 | ETA 00:39:43 | CV 0/200

[PROGRESS] [#########...................] 2/6 models | current=Random Forest | elapsed 00:20:15 | ETA 00:39:43 | CV 0/200

[PROGRESS] [#########...................] 2/6 models | current=Random Forest | elapsed 00:20:30 | ETA 00:39:43 | CV 0/200
[CV] END model__max_depth=15, model__max_features=0.7, model__min_samples_leaf=15, model__n_estimators=206; total time=  47.2s

[PROGRESS] [#########...................] 2/6 models | current=Random Forest | elapsed 00:20:45 | ETA 11:51:44 (0.02 fits/s) | CV 1/200

[PROGRESS] [#########...................] 2/6 models | current=Random Forest | elapsed 00:21:00 | ETA 15:11:30 (0.01 fits/s) | CV 1/200

[PROGRESS] [#########...................] 2/6 models | current=Random Forest | elapsed 00:21:15 | ETA 18:31:15 (0.01 fits/s) | CV 1/200

[PROGRESS] [#########...................] 2/6 models | current=Random Forest | elapsed 00:21:30 | ETA 21:51:01 (0.01 fits/s) | CV 1/200
[CV] END model__max_depth=15, model__max_features=0.7, model__min_samples_leaf=15, model__n_estimators=206; total time=  49.3s

[PROGRESS] [#########...................] 2/6 models | current=Random Forest | elapsed 00:21:45 | ETA 12:34:26 (0.02 fits/s) | CV 2/200

[PROGRESS] [#########...................] 2/6 models | current=Random Forest | elapsed 00:22:00 | ETA 14:14:11 (0.02 fits/s) | CV 2/200

[PROGRESS] [#########...................] 2/6 models | current=Random Forest | elapsed 00:22:15 | ETA 15:53:57 (0.01 fits/s) | CV 2/200
[CV] END model__max_depth=15, model__max_features=0.7, model__min_samples_leaf=15, model__n_estimators=206; total time=  50.0s

[PROGRESS] [#########...................] 2/6 models | current=Random Forest | elapsed 00:22:30 | ETA 11:41:35 (0.02 fits/s) | CV 3/200

[PROGRESS] [#########...................] 2/6 models | current=Random Forest | elapsed 00:22:45 | ETA 12:48:00 (0.02 fits/s) | CV 3/200

[PROGRESS] [#########...................] 2/6 models | current=Random Forest | elapsed 00:23:00 | ETA 13:54:25 (0.02 fits/s) | CV 3/200
[CV] END model__max_depth=15, model__max_features=0.7, model__min_samples_leaf=15, model__n_estimators=206; total time=  49.4s

[PROGRESS] [#########...................] 2/6 models | current=Random Forest | elapsed 00:23:15 | ETA 11:14:47 (0.02 fits/s) | CV 4/200

[PROGRESS] [#########...................] 2/6 models | current=Random Forest | elapsed 00:23:30 | ETA 12:04:32 (0.02 fits/s) | CV 4/200

[PROGRESS] [#########...................] 2/6 models | current=Random Forest | elapsed 00:23:45 | ETA 12:54:17 (0.02 fits/s) | CV 4/200

[PROGRESS] [#########...................] 2/6 models | current=Random Forest | elapsed 00:24:00 | ETA 13:44:02 (0.02 fits/s) | CV 4/200
[CV] END model__max_depth=15, model__max_features=0.7, model__min_samples_leaf=15, model__n_estimators=206; total time=  49.5s

[PROGRESS] [#########...................] 2/6 models | current=Random Forest | elapsed 00:24:15 | ETA 11:38:09 (0.02 fits/s) | CV 5/200
